<html>
<body>
<pre>
<h1>µVision Build Log</h1>
<h2>Tool Versions:</h2>
IDE-Version: µVision V5.17.0.0
Copyright (C) 2015 ARM Ltd and ARM Germany GmbH. All rights reserved.
License Information: Carsten Groen, Flextrack Aps, LIC=IK105-GMUBF-HQM0U-Q6SMS-BNK06-D3AQ7
 
Tool Versions:
Toolchain:       MDK-ARM Standard  Version: 5.17
Toolchain Path:  C:\Keil_v5\ARM\ARMCC\Bin
C Compiler:      Armcc.exe V5.06 update 1 (build 61)
Assembler:       Armasm.exe V5.06 update 1 (build 61)
Linker/Locator:  ArmLink.exe V5.06 update 1 (build 61)
Library Manager: ArmAr.exe V5.06 update 1 (build 61)
Hex Converter:   FromElf.exe V5.06 update 1 (build 61)
CPU DLL:         SARMCM3.DLL V5.17
Dialog DLL:      DARMCM1.DLL V1.12.0.0
Target DLL:      UL2CM3.DLL V1.156.1.0
Dialog DLL:      TARMCM1.DLL V1.9.0.0
 
<h2>Project:</h2>
D:\PRJ\GitHub\LPC824-Bootloader\application.uvprojx
Project File Date:  12/22/2015

<h2>Output:</h2>
*** Using Compiler 'V5.06 update 1 (build 61)', folder: 'C:\Keil_v5\ARM\ARMCC\Bin'
Build target 'Target 1'
compiling RTX_Conf_CM.c...
compiling main.c...
compiling adc_8xx.c...
compiling acmp_8xx.c...
compiling MMI.C...
compiling crc_8xx.c...
compiling clock_8xx.c...
compiling UART0.C...
SRC\UART0.C(10): warning:  #177-D: variable "tByte" was declared but never referenced
  static int tByte=0;
SRC\UART0.C: 1 warning, 0 errors
compiling dma_8xx.c...
compiling gpio_8xx.c...
compiling i2c_common_8xx.c...
compiling iocon_8xx.c...
compiling i2cs_8xx.c...
compiling irc_8xx.c...
compiling i2cm_8xx.c...
compiling pmu_8xx.c...
compiling pinint_8xx.c...
compiling sct_pwm_8xx.c...
compiling sct_8xx.c...
compiling spis_8xx.c...
compiling spim_8xx.c...
compiling spi_8xx.c...
compiling syscon_8xx.c...
compiling swm_8xx.c...
compiling stopwatch_8xx.c...
compiling wkt_8xx.c...
compiling wwdt_8xx.c...
compiling uart_8xx.c...
compiling eeprom.c...
assembling startup_LPC82x.s...
compiling ring_buffer.c...
compiling system_LPC82x.c...
compiling iap.c...
compiling rtc_ut.c...
linking...
Program Size: Code=5524 RO-data=340 RW-data=52 ZI-data=2676  
FromELF: creating hex file...
".\Objects\application.axf" - 0 Error(s), 1 Warning(s).

<h2>Software Packages used:</h2>

Package Vendor: Keil
                http://www.keil.com/pack/Keil.LPC800_DFP.1.2.0.pack
                Keil::Device:Startup:1.0.0
                NXP LPC800 Series Device Support
   * Component: Startup Version: 1.0.0

<h2>Collection of Component include folders:</h2>
  D:\PRJ\GitHub\LPC824-Bootloader\RTE
  C:\Keil_v5\ARM\PACK\Keil\LPC800_DFP\1.2.0\Device\Include

<h2>Collection of Component Files used:</h2>

   * Component: Keil::Device:Startup:1.0.0
      Include file:  Device\Include\LPC82x.h
      Source file:   Device\Source\system_LPC82x.c
      Source file:   Device\Source\ARM\startup_LPC82x.s
Build Time Elapsed:  00:00:04
</pre>
</body>
</html>
