<html>
<body>
<pre>
<h1>µVision Build Log</h1>
<h2>Tool Versions:</h2>
IDE-Version: µVision V5.17.0.0
Copyright (C) 2015 ARM Ltd and ARM Germany GmbH. All rights reserved.
License Information: Carsten Groen, Flextrack Aps, LIC=IK105-GMUBF-HQM0U-Q6SMS-BNK06-D3AQ7
 
Tool Versions:
Toolchain:       MDK-ARM Standard  Version: 5.17
Toolchain Path:  C:\Keil_v5\ARM\ARMCC\Bin
C Compiler:      Armcc.exe V5.06 update 1 (build 61)
Assembler:       Armasm.exe V5.06 update 1 (build 61)
Linker/Locator:  ArmLink.exe V5.06 update 1 (build 61)
Library Manager: ArmAr.exe V5.06 update 1 (build 61)
Hex Converter:   FromElf.exe V5.06 update 1 (build 61)
CPU DLL:         SARMCM3.DLL V5.17
Dialog DLL:      DARMCM1.DLL V1.12.0.0
Target DLL:      UL2CM3.DLL V1.156.1.0
Dialog DLL:      TARMCM1.DLL V1.9.0.0
 
<h2>Project:</h2>
D:\PRJ\LPC824 test\Bootloader\application.uvprojx
Project File Date:  12/22/2015

<h2>Output:</h2>
*** Using Compiler 'V5.06 update 1 (build 61)', folder: 'C:\Keil_v5\ARM\ARMCC\Bin'
Build target 'Target 1'
compiling main.c...
linking...
Program Size: Code=5524 RO-data=340 RW-data=52 ZI-data=2676  
FromELF: creating hex file...
".\Objects\application.axf" - 0 Error(s), 0 Warning(s).

<h2>Software Packages used:</h2>

Package Vendor: Keil
                http://www.keil.com/pack/Keil.LPC800_DFP.1.2.0.pack
                Keil::Device:Startup:1.0.0
                NXP LPC800 Series Device Support
   * Component: Startup Version: 1.0.0

<h2>Collection of Component include folders:</h2>
  D:\PRJ\LPC824 test\Bootloader\RTE
  C:\Keil_v5\ARM\PACK\Keil\LPC800_DFP\1.2.0\Device\Include

<h2>Collection of Component Files used:</h2>

   * Component: Keil::Device:Startup:1.0.0
      Include file:  Device\Include\LPC82x.h
      Source file:   Device\Source\ARM\startup_LPC82x.s
      Source file:   Device\Source\system_LPC82x.c
Build Time Elapsed:  00:00:00
</pre>
</body>
</html>
