Component: ARM Compiler 5.06 update 1 (build 61) Tool: armlink [4d35a8]

==============================================================================

Section Cross References

    main.o(i.main) refers to memseta.o(.text) for __aeabi_memset
    main.o(i.main) refers to hal_cm1.o(.emb_text) for os_set_env
    main.o(i.main) refers to main.o(.bss) for .bss
    main.o(i.main) refers to main.o(i.thMain) for thMain
    main.o(i.main) refers to rt_task.o(i.rt_sys_init) for rt_sys_init
    main.o(i.rxCBUART0) refers to mmi.o(i.ledMMI) for ledMMI
    main.o(i.thMain) refers to system_lpc82x.o(i.SystemCoreClockUpdate) for SystemCoreClockUpdate
    main.o(i.thMain) refers to clock_8xx.o(i.Chip_Clock_GetSystemClockRate) for Chip_Clock_GetSystemClockRate
    main.o(i.thMain) refers to dfltui.o(.text) for __aeabi_ui2d
    main.o(i.thMain) refers to dmul.o(.text) for __aeabi_dmul
    main.o(i.thMain) refers to ddiv.o(.text) for __aeabi_ddiv
    main.o(i.thMain) refers to dfixui.o(.text) for __aeabi_d2uiz
    main.o(i.thMain) refers to main.o(i.Chip_Clock_EnablePeriphClock) for Chip_Clock_EnablePeriphClock
    main.o(i.thMain) refers to syscon_8xx.o(i.Chip_SYSCTL_PowerUp) for Chip_SYSCTL_PowerUp
    main.o(i.thMain) refers to clock_8xx.o(i.Chip_Clock_GetWDTOSCRate) for Chip_Clock_GetWDTOSCRate
    main.o(i.thMain) refers to wwdt_8xx.o(i.Chip_WWDT_Init) for Chip_WWDT_Init
    main.o(i.thMain) refers to mmi.o(i.initMMI) for initMMI
    main.o(i.thMain) refers to mmi.o(i.buttonMMI) for buttonMMI
    main.o(i.thMain) refers to main.o(.emb_text) for __asm___6_main_c_f9afa1dd__BootJump
    main.o(i.thMain) refers to uart0.o(i.initUART0) for initUART0
    main.o(i.thMain) refers to mmi.o(i.ledMMI) for ledMMI
    main.o(i.thMain) refers to rt_time.o(i.rt_dly_wait) for rt_dly_wait
    main.o(i.thMain) refers to rt_system.o(i.rt_tsk_lock) for rt_tsk_lock
    mmi.o(i.getConfigMMI) refers to mmi.o(.data) for .data
    mmi.o(i.initMMI) refers to mmi.o(i.ledMMI) for ledMMI
    mmi.o(i.initMMI) refers to iocon_8xx.o(i.Chip_IOCON_PinSetMode) for Chip_IOCON_PinSetMode
    mmi.o(i.initMMI) refers to mmi.o(.data) for .data
    mmi.o(i.ledMMI) refers to mmi.o(i.Chip_GPIO_ReadPortBit) for Chip_GPIO_ReadPortBit
    uart0.o(i.UART0_IRQHandler) refers to main.o(i.rxCBUART0) for rxCBUART0
    uart0.o(i.initUART0) refers to swm_8xx.o(i.Chip_SWM_MovablePinAssign) for Chip_SWM_MovablePinAssign
    uart0.o(i.initUART0) refers to uart_8xx.o(i.Chip_UART_Init) for Chip_UART_Init
    uart0.o(i.initUART0) refers to clock_8xx.o(i.Chip_Clock_SetUSARTNBaseClockRate) for Chip_Clock_SetUSARTNBaseClockRate
    uart0.o(i.initUART0) refers to uart_8xx.o(i.Chip_UART_SetBaud) for Chip_UART_SetBaud
    uart0.o(i.sendUART0) refers to uart_8xx.o(i.Chip_UART_SendBlocking) for Chip_UART_SendBlocking
    acmp_8xx.o(i.Chip_ACMP_Deinit) refers to syscon_8xx.o(i.Chip_SYSCTL_PowerDown) for Chip_SYSCTL_PowerDown
    acmp_8xx.o(i.Chip_ACMP_Init) refers to syscon_8xx.o(i.Chip_SYSCTL_PowerUp) for Chip_SYSCTL_PowerUp
    adc_8xx.o(i.Chip_ADC_DeInit) refers to syscon_8xx.o(i.Chip_SYSCTL_PowerDown) for Chip_SYSCTL_PowerDown
    adc_8xx.o(i.Chip_ADC_Init) refers to syscon_8xx.o(i.Chip_SYSCTL_PowerUp) for Chip_SYSCTL_PowerUp
    adc_8xx.o(i.Chip_ADC_StartCalibration) refers to clock_8xx.o(i.Chip_Clock_GetSystemClockRate) for Chip_Clock_GetSystemClockRate
    adc_8xx.o(i.Chip_ADC_StartCalibration) refers to uidiv.o(.text) for __aeabi_uidivmod
    clock_8xx.o(i.Chip_Clock_GetIOCONCLKDIVClockRate) refers to clock_8xx.o(i.Chip_Clock_GetMainClockRate) for Chip_Clock_GetMainClockRate
    clock_8xx.o(i.Chip_Clock_GetIOCONCLKDIVClockRate) refers to uidiv.o(.text) for __aeabi_uidivmod
    clock_8xx.o(i.Chip_Clock_GetMainClockRate) refers to clock_8xx.o(i.Chip_Clock_GetSystemPLLOutClockRate) for Chip_Clock_GetSystemPLLOutClockRate
    clock_8xx.o(i.Chip_Clock_GetMainClockRate) refers to clock_8xx.o(i.Chip_Clock_GetSystemPLLInClockRate) for Chip_Clock_GetSystemPLLInClockRate
    clock_8xx.o(i.Chip_Clock_GetMainClockRate) refers to clock_8xx.o(i.Chip_Clock_GetWDTOSCRate) for Chip_Clock_GetWDTOSCRate
    clock_8xx.o(i.Chip_Clock_GetSystemClockRate) refers to clock_8xx.o(i.Chip_Clock_GetMainClockRate) for Chip_Clock_GetMainClockRate
    clock_8xx.o(i.Chip_Clock_GetSystemClockRate) refers to uidiv.o(.text) for __aeabi_uidivmod
    clock_8xx.o(i.Chip_Clock_GetSystemPLLInClockRate) refers to main.o(.constdata) for OscRateIn
    clock_8xx.o(i.Chip_Clock_GetSystemPLLInClockRate) refers to main.o(.constdata) for ExtRateIn
    clock_8xx.o(i.Chip_Clock_GetSystemPLLOutClockRate) refers to clock_8xx.o(i.Chip_Clock_GetSystemPLLInClockRate) for Chip_Clock_GetSystemPLLInClockRate
    clock_8xx.o(i.Chip_Clock_GetUSARTNBaseClockRate) refers to clock_8xx.o(i.Chip_Clock_GetMainClockRate) for Chip_Clock_GetMainClockRate
    clock_8xx.o(i.Chip_Clock_GetUSARTNBaseClockRate) refers to uidiv.o(.text) for __aeabi_uidivmod
[...]
    iap.o(i.Chip_IAP_EraseSector) refers to iap.o(i.iap_entry) for iap_entry
    iap.o(i.Chip_IAP_EraseSector) refers to system_lpc82x.o(.data) for SystemCoreClock
    iap.o(i.Chip_IAP_PreSectorForReadWrite) refers to iap.o(i.iap_entry) for iap_entry
    iap.o(i.Chip_IAP_ReadBootCode) refers to iap.o(i.iap_entry) for iap_entry
    iap.o(i.Chip_IAP_ReadPID) refers to iap.o(i.iap_entry) for iap_entry
    iap.o(i.Chip_IAP_ReadUID) refers to iap.o(i.iap_entry) for iap_entry
    iap.o(i.Chip_IAP_ReinvokeISP) refers to iap.o(i.iap_entry) for iap_entry
    ring_buffer.o(i.RingBuffer_Insert) refers to ring_buffer.o(i.RingBuffer_IsFull) for RingBuffer_IsFull
    ring_buffer.o(i.RingBuffer_Insert) refers to memcpya.o(.text) for __aeabi_memcpy
    ring_buffer.o(i.RingBuffer_InsertMult) refers to ring_buffer.o(i.RingBuffer_IsFull) for RingBuffer_IsFull
    ring_buffer.o(i.RingBuffer_InsertMult) refers to memcpya.o(.text) for __aeabi_memcpy
    ring_buffer.o(i.RingBuffer_Pop) refers to ring_buffer.o(i.RingBuffer_IsEmpty) for RingBuffer_IsEmpty
    ring_buffer.o(i.RingBuffer_Pop) refers to memcpya.o(.text) for __aeabi_memcpy
    ring_buffer.o(i.RingBuffer_PopMult) refers to ring_buffer.o(i.RingBuffer_IsEmpty) for RingBuffer_IsEmpty
    ring_buffer.o(i.RingBuffer_PopMult) refers to memcpya.o(.text) for __aeabi_memcpy
    rtc_ut.o(i.ConvertRtcTime) refers to uidiv.o(.text) for __aeabi_uidivmod
    rtc_ut.o(i.ConvertRtcTime) refers to idiv.o(.text) for __aeabi_idivmod
    rtc_ut.o(i.ConvertRtcTime) refers to rtc_ut.o(i.GetDMLY) for GetDMLY
    rtc_ut.o(i.ConvertTimeRtc) refers to rtc_ut.o(.data) for .data
    rtc_ut.o(i.GetDMLY) refers to rtc_ut.o(.data) for .data
    startup_lpc82x.o(RESET) refers to startup_lpc82x.o(STACK) for __initial_sp
    startup_lpc82x.o(RESET) refers to startup_lpc82x.o(.text) for Reset_Handler
    startup_lpc82x.o(RESET) refers to hal_cm1.o(.emb_text) for SVC_Handler
    startup_lpc82x.o(RESET) refers to uart0.o(i.UART0_IRQHandler) for UART0_IRQHandler
    startup_lpc82x.o(.text) refers to system_lpc82x.o(i.SystemInit) for SystemInit
    startup_lpc82x.o(.text) refers to entry.o(.ARM.Collect$$$$00000000) for __main
    system_lpc82x.o(i.SystemCoreClockUpdate) refers to i2cm_8xx.o(i.__ARM_common_switch8) for __ARM_common_switch8
    system_lpc82x.o(i.SystemCoreClockUpdate) refers to uidiv.o(.text) for __aeabi_uidivmod
    system_lpc82x.o(i.SystemCoreClockUpdate) refers to system_lpc82x.o(.data) for .data
    rt_task.o(i.rt_block) refers to rt_list.o(i.rt_put_dly) for rt_put_dly
    rt_task.o(i.rt_block) refers to rt_list.o(i.rt_get_first) for rt_get_first
    rt_task.o(i.rt_block) refers to rt_task.o(i.rt_switch_req) for rt_switch_req
    rt_task.o(i.rt_block) refers to rt_task.o(.data) for .data
    rt_task.o(i.rt_block) refers to rt_list.o(.bss) for os_rdy
    rt_task.o(i.rt_dispatch) refers to rt_list.o(i.rt_put_rdy_first) for rt_put_rdy_first
    rt_task.o(i.rt_dispatch) refers to rt_task.o(i.rt_switch_req) for rt_switch_req
    rt_task.o(i.rt_dispatch) refers to rt_list.o(i.rt_get_first) for rt_get_first
    rt_task.o(i.rt_dispatch) refers to rt_list.o(i.rt_put_prio) for rt_put_prio
    rt_task.o(i.rt_dispatch) refers to rt_task.o(.data) for .data
    rt_task.o(i.rt_dispatch) refers to rt_list.o(.bss) for os_rdy
    rt_task.o(i.rt_init_context) refers to rt_membox.o(i.rt_alloc_box) for rt_alloc_box
    rt_task.o(i.rt_init_context) refers to hal_cm1.o(i.rt_init_stack) for rt_init_stack
    rt_task.o(i.rt_init_context) refers to rtx_conf_cm.o(.bss) for mp_stk
    rt_task.o(i.rt_switch_req) refers to rt_task.o(.data) for .data
    rt_task.o(i.rt_sys_init) refers to rt_membox.o(i._init_box) for _init_box
    rt_task.o(i.rt_sys_init) refers to rt_task.o(i.rt_init_context) for rt_init_context
    rt_task.o(i.rt_sys_init) refers to hal_cm1.o(.emb_text) for rt_set_PSP
    rt_task.o(i.rt_sys_init) refers to rt_robin.o(i.rt_init_robin) for rt_init_robin
    rt_task.o(i.rt_sys_init) refers to rt_system.o(i.os_tick_init) for os_tick_init
    rt_task.o(i.rt_sys_init) refers to rt_task.o(i.rt_tsk_create) for rt_tsk_create
    rt_task.o(i.rt_sys_init) refers to rtx_conf_cm.o(.bss) for os_active_TCB
    rt_task.o(i.rt_sys_init) refers to rtx_conf_cm.o(.constdata) for os_maxtaskrun
    rt_task.o(i.rt_sys_init) refers to rtx_conf_cm.o(.constdata) for mp_tcb_size
    rt_task.o(i.rt_sys_init) refers to rtx_conf_cm.o(.bss) for mp_tcb
    rt_task.o(i.rt_sys_init) refers to rtx_conf_cm.o(.constdata) for os_stackinfo
    rt_task.o(i.rt_sys_init) refers to rtx_conf_cm.o(.constdata) for mp_stk_size
    rt_task.o(i.rt_sys_init) refers to rtx_conf_cm.o(.bss) for mp_stk
    rt_task.o(i.rt_sys_init) refers to rtx_conf_cm.o(.constdata) for mp_tmr_size
    rt_task.o(i.rt_sys_init) refers to rtx_conf_cm.o(.data) for m_tmr
    rt_task.o(i.rt_sys_init) refers to rt_task.o(.bss) for .bss
    rt_task.o(i.rt_sys_init) refers to rtx_conf_cm.o(i.os_idle_demon) for os_idle_demon
    rt_task.o(i.rt_sys_init) refers to rt_list.o(.bss) for os_rdy
    rt_task.o(i.rt_sys_init) refers to rt_task.o(.data) for .data
    rt_task.o(i.rt_sys_init) refers to rtx_conf_cm.o(.bss) for os_fifo
    rt_task.o(i.rt_sys_init) refers to rtx_conf_cm.o(.constdata) for os_fifo_size
    rt_task.o(i.rt_sys_init) refers to rt_system.o(.data) for os_tick_irqn
    rt_task.o(i.rt_tsk_create) refers to rt_membox.o(i.rt_alloc_box) for rt_alloc_box
    rt_task.o(i.rt_tsk_create) refers to rt_task.o(i.rt_init_context) for rt_init_context
    rt_task.o(i.rt_tsk_create) refers to rt_task.o(i.rt_dispatch) for rt_dispatch
    rt_task.o(i.rt_tsk_create) refers to rtx_conf_cm.o(.bss) for mp_tcb
    rt_task.o(i.rt_tsk_create) refers to rtx_conf_cm.o(.bss) for os_active_TCB
    rt_task.o(i.rt_tsk_create) refers to rtx_conf_cm.o(.constdata) for os_maxtaskrun
    rt_task.o(i.rt_tsk_create) refers to rt_task.o(.data) for .data
    rt_task.o(i.rt_tsk_delete) refers to hal_cm1.o(.emb_text) for rt_get_PSP
    rt_task.o(i.rt_tsk_delete) refers to rt_system.o(i.rt_stk_check) for rt_stk_check
    rt_task.o(i.rt_tsk_delete) refers to rt_list.o(i.rt_get_first) for rt_get_first
    rt_task.o(i.rt_tsk_delete) refers to rt_list.o(i.rt_rmv_dly) for rt_rmv_dly
    rt_task.o(i.rt_tsk_delete) refers to rt_list.o(i.rt_put_prio) for rt_put_prio
    rt_task.o(i.rt_tsk_delete) refers to rt_membox.o(i.rt_free_box) for rt_free_box
    rt_task.o(i.rt_tsk_delete) refers to rt_list.o(i.rt_rmv_list) for rt_rmv_list
    rt_task.o(i.rt_tsk_delete) refers to rt_task.o(i.rt_dispatch) for rt_dispatch
    rt_task.o(i.rt_tsk_delete) refers to rt_task.o(.data) for .data
    rt_task.o(i.rt_tsk_delete) refers to rt_list.o(.bss) for os_rdy
    rt_task.o(i.rt_tsk_delete) refers to rtx_conf_cm.o(.bss) for os_active_TCB
    rt_task.o(i.rt_tsk_delete) refers to rtx_conf_cm.o(.bss) for mp_stk
    rt_task.o(i.rt_tsk_delete) refers to rtx_conf_cm.o(.bss) for mp_tcb
    rt_task.o(i.rt_tsk_delete) refers to rtx_conf_cm.o(.constdata) for os_maxtaskrun
    rt_task.o(i.rt_tsk_pass) refers to rt_list.o(i.rt_get_same_rdy_prio) for rt_get_same_rdy_prio
    rt_task.o(i.rt_tsk_pass) refers to rt_list.o(i.rt_put_prio) for rt_put_prio
    rt_task.o(i.rt_tsk_pass) refers to rt_task.o(i.rt_switch_req) for rt_switch_req
    rt_task.o(i.rt_tsk_pass) refers to rt_task.o(.data) for .data
    rt_task.o(i.rt_tsk_pass) refers to rt_list.o(.bss) for os_rdy
    rt_task.o(i.rt_tsk_prio) refers to rt_list.o(i.rt_put_prio) for rt_put_prio
    rt_task.o(i.rt_tsk_prio) refers to rt_list.o(i.rt_resort_prio) for rt_resort_prio
    rt_task.o(i.rt_tsk_prio) refers to rt_list.o(i.rt_get_first) for rt_get_first
    rt_task.o(i.rt_tsk_prio) refers to rt_task.o(i.rt_dispatch) for rt_dispatch
    rt_task.o(i.rt_tsk_prio) refers to rt_task.o(.data) for .data
    rt_task.o(i.rt_tsk_prio) refers to rtx_conf_cm.o(.constdata) for os_maxtaskrun
    rt_task.o(i.rt_tsk_prio) refers to rtx_conf_cm.o(.bss) for os_active_TCB
    rt_task.o(i.rt_tsk_prio) refers to rt_list.o(.bss) for os_rdy
    rt_task.o(i.rt_tsk_self) refers to rt_task.o(.data) for .data
    rt_system.o(i.os_tick_init) refers to rtx_conf_cm.o(.constdata) for os_trv
    rt_system.o(i.rt_pop_req) refers to rt_list.o(i.rt_put_rdy_first) for rt_put_rdy_first
    rt_system.o(i.rt_pop_req) refers to rt_semaphore.o(i.rt_sem_psh) for rt_sem_psh
    rt_system.o(i.rt_pop_req) refers to rt_list.o(i.rt_get_first) for rt_get_first
    rt_system.o(i.rt_pop_req) refers to rt_task.o(i.rt_switch_req) for rt_switch_req
    rt_system.o(i.rt_pop_req) refers to rt_event.o(i.rt_evt_psh) for rt_evt_psh
    rt_system.o(i.rt_pop_req) refers to rt_mailbox.o(i.rt_mbx_psh) for rt_mbx_psh
    rt_system.o(i.rt_pop_req) refers to rt_task.o(.data) for os_tsk
    rt_system.o(i.rt_pop_req) refers to rtx_conf_cm.o(.bss) for os_fifo
    rt_system.o(i.rt_pop_req) refers to rt_list.o(.bss) for os_rdy
    rt_system.o(i.rt_psh_req) refers to rt_system.o(.data) for .data
    rt_system.o(i.rt_resume) refers to rt_list.o(i.rt_put_rdy_first) for rt_put_rdy_first
    rt_system.o(i.rt_resume) refers to rt_list.o(i.rt_dec_dly) for rt_dec_dly
    rt_system.o(i.rt_resume) refers to rt_timer.o(i.rt_tmr_tick) for rt_tmr_tick
    rt_system.o(i.rt_resume) refers to rt_list.o(i.rt_get_first) for rt_get_first
    rt_system.o(i.rt_resume) refers to rt_task.o(i.rt_switch_req) for rt_switch_req
    rt_system.o(i.rt_resume) refers to rt_system.o(i.rt_tsk_unlock) for rt_tsk_unlock
    rt_system.o(i.rt_resume) refers to rt_task.o(.data) for os_tsk
    rt_system.o(i.rt_resume) refers to rt_robin.o(.data) for os_robin
    rt_system.o(i.rt_resume) refers to rt_list.o(.bss) for os_dly
    rt_system.o(i.rt_resume) refers to rt_time.o(.data) for os_time
    rt_system.o(i.rt_resume) refers to rt_timer.o(.data) for os_tmr
    rt_system.o(i.rt_stk_check) refers to rtx_conf_cm.o(i.os_error) for os_error
    rt_system.o(i.rt_stk_check) refers to rt_task.o(.data) for os_tsk
    rt_system.o(i.rt_suspend) refers to rt_system.o(i.rt_tsk_lock) for rt_tsk_lock
    rt_system.o(i.rt_suspend) refers to rt_list.o(.bss) for os_dly
    rt_system.o(i.rt_suspend) refers to rt_timer.o(.data) for os_tmr
    rt_system.o(i.rt_systick) refers to rt_list.o(i.rt_put_rdy_first) for rt_put_rdy_first
    rt_system.o(i.rt_systick) refers to rt_robin.o(i.rt_chk_robin) for rt_chk_robin
    rt_system.o(i.rt_systick) refers to rt_list.o(i.rt_dec_dly) for rt_dec_dly
    rt_system.o(i.rt_systick) refers to rt_timer.o(i.rt_tmr_tick) for rt_tmr_tick
    rt_system.o(i.rt_systick) refers to rt_list.o(i.rt_get_first) for rt_get_first
    rt_system.o(i.rt_systick) refers to rt_task.o(i.rt_switch_req) for rt_switch_req
    rt_system.o(i.rt_systick) refers to rt_task.o(.data) for os_tsk
    rt_system.o(i.rt_systick) refers to rt_time.o(.data) for os_time
    rt_system.o(i.rt_systick) refers to rt_list.o(.bss) for os_rdy
    rt_system.o(i.rt_tsk_lock) refers to rt_system.o(.data) for .data
    rt_system.o(i.rt_tsk_unlock) refers to rt_system.o(.data) for .data
    rt_time.o(i.rt_dly_wait) refers to rt_task.o(i.rt_block) for rt_block
    rt_time.o(i.rt_itv_set) refers to rt_task.o(.data) for os_tsk
    rt_time.o(i.rt_itv_set) refers to rt_time.o(.data) for .data
    rt_time.o(i.rt_itv_wait) refers to rt_task.o(i.rt_block) for rt_block
    rt_time.o(i.rt_itv_wait) refers to rt_task.o(.data) for os_tsk
    rt_time.o(i.rt_itv_wait) refers to rt_time.o(.data) for .data
    rt_time.o(i.rt_time_get) refers to rt_time.o(.data) for .data
    hal_cm1.o(.emb_text) refers to rtx_conf_cm.o(.constdata) for os_flags
    hal_cm1.o(.emb_text) refers to rt_membox.o(i.rt_alloc_box) for rt_alloc_box
    hal_cm1.o(.emb_text) refers to rt_membox.o(i.rt_free_box) for rt_free_box
    hal_cm1.o(.emb_text) refers to rt_system.o(i.rt_stk_check) for rt_stk_check
    hal_cm1.o(.emb_text) refers to rt_task.o(.data) for os_tsk
    hal_cm1.o(.emb_text) refers to svc_table.o(SVC_TABLE) for SVC_Count
    hal_cm1.o(.emb_text) refers to rt_system.o(i.rt_pop_req) for rt_pop_req
    hal_cm1.o(.emb_text) refers to rt_system.o(i.rt_systick) for rt_systick
    hal_cm1.o(.emb_text) refers to rt_system.o(i.os_tick_irqack) for os_tick_irqack
    hal_cm1.o(i.rt_init_stack) refers to rtx_conf_cm.o(.constdata) for os_stackinfo
    rt_event.o(i.isr_evt_set) refers to rt_list.o(i.rt_psq_enq) for rt_psq_enq
    rt_event.o(i.isr_evt_set) refers to rt_system.o(i.rt_psh_req) for rt_psh_req
    rt_event.o(i.isr_evt_set) refers to rtx_conf_cm.o(.bss) for os_active_TCB
    rt_event.o(i.rt_evt_clr) refers to rtx_conf_cm.o(.bss) for os_active_TCB
    rt_event.o(i.rt_evt_get) refers to rt_task.o(.data) for os_tsk
    rt_event.o(i.rt_evt_psh) refers to rt_list.o(i.rt_rmv_dly) for rt_rmv_dly
    rt_event.o(i.rt_evt_psh) refers to rt_list.o(i.rt_put_prio) for rt_put_prio
    rt_event.o(i.rt_evt_psh) refers to rt_list.o(.bss) for os_rdy
    rt_event.o(i.rt_evt_set) refers to rt_list.o(i.rt_rmv_dly) for rt_rmv_dly
    rt_event.o(i.rt_evt_set) refers to rt_task.o(i.rt_dispatch) for rt_dispatch
    rt_event.o(i.rt_evt_set) refers to rtx_conf_cm.o(.bss) for os_active_TCB
    rt_event.o(i.rt_evt_wait) refers to rt_task.o(i.rt_block) for rt_block
    rt_event.o(i.rt_evt_wait) refers to rt_task.o(.data) for os_tsk
    rt_list.o(i.rt_dec_dly) refers to rt_list.o(i.rt_put_prio) for rt_put_prio
    rt_list.o(i.rt_dec_dly) refers to rt_list.o(.bss) for .bss
    rt_list.o(i.rt_dec_dly) refers to rt_time.o(.data) for os_time
    rt_list.o(i.rt_get_same_rdy_prio) refers to rt_list.o(.bss) for .bss
    rt_list.o(i.rt_get_same_rdy_prio) refers to rt_task.o(.data) for os_tsk
    rt_list.o(i.rt_psq_enq) refers to rtx_conf_cm.o(i.os_error) for os_error
    rt_list.o(i.rt_psq_enq) refers to rtx_conf_cm.o(.bss) for os_fifo
    rt_list.o(i.rt_put_dly) refers to rt_list.o(.bss) for .bss
    rt_list.o(i.rt_put_rdy_first) refers to rt_list.o(.bss) for .bss
    rt_list.o(i.rt_resort_prio) refers to rt_list.o(i.rt_rmv_list) for rt_rmv_list
    rt_list.o(i.rt_resort_prio) refers to rt_list.o(i.rt_put_prio) for rt_put_prio
    rt_list.o(i.rt_resort_prio) refers to rt_list.o(.bss) for .bss
    rt_list.o(i.rt_rmv_list) refers to rt_list.o(.bss) for .bss
    rt_mailbox.o(i.isr_mbx_receive) refers to rt_list.o(i.rt_psq_enq) for rt_psq_enq
    rt_mailbox.o(i.isr_mbx_receive) refers to rt_system.o(i.rt_psh_req) for rt_psh_req
    rt_mailbox.o(i.isr_mbx_send) refers to rt_list.o(i.rt_psq_enq) for rt_psq_enq
    rt_mailbox.o(i.isr_mbx_send) refers to rt_system.o(i.rt_psh_req) for rt_psh_req
    rt_mailbox.o(i.rt_mbx_psh) refers to rt_list.o(i.rt_get_first) for rt_get_first
    rt_mailbox.o(i.rt_mbx_psh) refers to rt_list.o(i.rt_rmv_dly) for rt_rmv_dly
    rt_mailbox.o(i.rt_mbx_psh) refers to rt_list.o(i.rt_put_prio) for rt_put_prio
    rt_mailbox.o(i.rt_mbx_psh) refers to rtx_conf_cm.o(i.os_error) for os_error
    rt_mailbox.o(i.rt_mbx_psh) refers to rt_list.o(.bss) for os_rdy
    rt_mailbox.o(i.rt_mbx_send) refers to rt_list.o(i.rt_put_prio) for rt_put_prio
    rt_mailbox.o(i.rt_mbx_send) refers to rt_list.o(i.rt_get_first) for rt_get_first
    rt_mailbox.o(i.rt_mbx_send) refers to rt_list.o(i.rt_rmv_dly) for rt_rmv_dly
    rt_mailbox.o(i.rt_mbx_send) refers to rt_task.o(i.rt_dispatch) for rt_dispatch
    rt_mailbox.o(i.rt_mbx_send) refers to rt_task.o(i.rt_block) for rt_block
    rt_mailbox.o(i.rt_mbx_send) refers to rt_task.o(.data) for os_tsk
    rt_mailbox.o(i.rt_mbx_wait) refers to rt_list.o(i.rt_get_first) for rt_get_first
    rt_mailbox.o(i.rt_mbx_wait) refers to rt_list.o(i.rt_rmv_dly) for rt_rmv_dly
    rt_mailbox.o(i.rt_mbx_wait) refers to rt_task.o(i.rt_dispatch) for rt_dispatch
    rt_mailbox.o(i.rt_mbx_wait) refers to rt_list.o(i.rt_put_prio) for rt_put_prio
    rt_mailbox.o(i.rt_mbx_wait) refers to rt_task.o(i.rt_block) for rt_block
    rt_mailbox.o(i.rt_mbx_wait) refers to rt_task.o(.data) for os_tsk
    rt_semaphore.o(i.isr_sem_send) refers to rt_list.o(i.rt_psq_enq) for rt_psq_enq
    rt_semaphore.o(i.isr_sem_send) refers to rt_system.o(i.rt_psh_req) for rt_psh_req
    rt_semaphore.o(i.rt_sem_psh) refers to rt_list.o(i.rt_get_first) for rt_get_first
    rt_semaphore.o(i.rt_sem_psh) refers to rt_list.o(i.rt_rmv_dly) for rt_rmv_dly
    rt_semaphore.o(i.rt_sem_psh) refers to rt_list.o(i.rt_put_prio) for rt_put_prio
    rt_semaphore.o(i.rt_sem_psh) refers to rt_list.o(.bss) for os_rdy
    rt_semaphore.o(i.rt_sem_send) refers to rt_list.o(i.rt_get_first) for rt_get_first
    rt_semaphore.o(i.rt_sem_send) refers to rt_list.o(i.rt_rmv_dly) for rt_rmv_dly
    rt_semaphore.o(i.rt_sem_send) refers to rt_task.o(i.rt_dispatch) for rt_dispatch
    rt_semaphore.o(i.rt_sem_send) refers to rt_task.o(.data) for os_tsk
    rt_semaphore.o(i.rt_sem_wait) refers to rt_list.o(i.rt_put_prio) for rt_put_prio
    rt_semaphore.o(i.rt_sem_wait) refers to rt_task.o(i.rt_block) for rt_block
    rt_semaphore.o(i.rt_sem_wait) refers to rt_task.o(.data) for os_tsk
    rt_timer.o(i.rt_tmr_create) refers to rt_membox.o(i.rt_alloc_box) for rt_alloc_box
    rt_timer.o(i.rt_tmr_create) refers to rtx_conf_cm.o(.data) for m_tmr
    rt_timer.o(i.rt_tmr_create) refers to rt_timer.o(.data) for .data
    rt_timer.o(i.rt_tmr_kill) refers to rt_membox.o(i.rt_free_box) for rt_free_box
    rt_timer.o(i.rt_tmr_kill) refers to rt_timer.o(.data) for .data
    rt_timer.o(i.rt_tmr_kill) refers to rtx_conf_cm.o(.data) for m_tmr
    rt_timer.o(i.rt_tmr_tick) refers to rtx_conf_cm.o(i.os_tmr_call) for os_tmr_call
    rt_timer.o(i.rt_tmr_tick) refers to rt_membox.o(i.rt_free_box) for rt_free_box
    rt_timer.o(i.rt_tmr_tick) refers to rt_timer.o(.data) for .data
    rt_timer.o(i.rt_tmr_tick) refers to rtx_conf_cm.o(.data) for m_tmr
    rt_robin.o(i.rt_chk_robin) refers to rt_list.o(i.rt_get_first) for rt_get_first
    rt_robin.o(i.rt_chk_robin) refers to rt_list.o(i.rt_put_prio) for rt_put_prio
    rt_robin.o(i.rt_chk_robin) refers to rt_robin.o(.data) for .data
    rt_robin.o(i.rt_chk_robin) refers to rt_list.o(.bss) for os_rdy
    rt_robin.o(i.rt_chk_robin) refers to rt_time.o(.data) for os_time
    rt_robin.o(i.rt_init_robin) refers to rt_robin.o(.data) for .data
    rt_robin.o(i.rt_init_robin) refers to rtx_conf_cm.o(.constdata) for os_rrobin
    rt_membox.o(i._calloc_box) refers to hal_cm1.o(.emb_text) for _alloc_box
    entry.o(.ARM.Collect$$$$00000000) refers (Special) to entry10a.o(.ARM.Collect$$$$0000000D) for __rt_final_cpp
    entry.o(.ARM.Collect$$$$00000000) refers (Special) to entry11a.o(.ARM.Collect$$$$0000000F) for __rt_final_exit
    entry.o(.ARM.Collect$$$$00000000) refers (Special) to entry7b.o(.ARM.Collect$$$$00000008) for _main_clock
    entry.o(.ARM.Collect$$$$00000000) refers (Special) to entry8b.o(.ARM.Collect$$$$0000000A) for _main_cpp_init
    entry.o(.ARM.Collect$$$$00000000) refers (Special) to entry9a.o(.ARM.Collect$$$$0000000B) for _main_init
    entry.o(.ARM.Collect$$$$00000000) refers (Special) to entry5.o(.ARM.Collect$$$$00000004) for _main_scatterload
    entry.o(.ARM.Collect$$$$00000000) refers (Special) to entry2.o(.ARM.Collect$$$$00000001) for _main_stk
    idiv.o(.text) refers to uidiv.o(.text) for __aeabi_uidivmod
    uldiv.o(.text) refers to llushr.o(.text) for __aeabi_llsr
    uldiv.o(.text) refers to llshl.o(.text) for __aeabi_llsl
    dmul.o(.text) refers (Special) to iusefp.o(.text) for __I$use$fp
    dmul.o(.text) refers to depilogue.o(.text) for _double_epilogue
    ddiv.o(.text) refers (Special) to iusefp.o(.text) for __I$use$fp
    ddiv.o(.text) refers to depilogue.o(.text) for _double_round
    dfltui.o(.text) refers (Special) to iusefp.o(.text) for __I$use$fp
    dfltui.o(.text) refers to depilogue.o(.text) for _double_epilogue
    dfixui.o(.text) refers (Special) to iusefp.o(.text) for __I$use$fp
    dfixui.o(.text) refers to llushr.o(.text) for __aeabi_llsr
    entry2.o(.ARM.Collect$$$$00000001) refers to entry2.o(.ARM.Collect$$$$00002712) for __lit__00000000
    entry2.o(.ARM.Collect$$$$00002712) refers to startup_lpc82x.o(STACK) for __initial_sp
    entry2.o(__vectab_stack_and_reset_area) refers to startup_lpc82x.o(STACK) for __initial_sp
    entry2.o(__vectab_stack_and_reset_area) refers to entry.o(.ARM.Collect$$$$00000000) for __main
    entry5.o(.ARM.Collect$$$$00000004) refers to init.o(.text) for __scatterload
    entry9a.o(.ARM.Collect$$$$0000000B) refers to main.o(i.main) for main
    entry9b.o(.ARM.Collect$$$$0000000C) refers to main.o(i.main) for main
    depilogue.o(.text) refers to depilogue.o(i.__ARM_clz) for __ARM_clz
    depilogue.o(.text) refers to llshl.o(.text) for __aeabi_llsl
    depilogue.o(.text) refers to llushr.o(.text) for __aeabi_llsr
    init.o(.text) refers to entry5.o(.ARM.Collect$$$$00000004) for __main_after_scatterload


==============================================================================

Removing Unused input sections from the image.

    Removing main.o(.rev16_text), (4 bytes).
    Removing main.o(.revsh_text), (4 bytes).
    Removing main.o(.data), (4 bytes).
    Removing main.o(.data), (4 bytes).
    Removing mmi.o(.rev16_text), (4 bytes).
    Removing mmi.o(.revsh_text), (4 bytes).
    Removing mmi.o(i.getConfigMMI), (8 bytes).
    Removing uart0.o(.rev16_text), (4 bytes).
    Removing uart0.o(.revsh_text), (4 bytes).
    Removing uart0.o(i.rxCBUART0), (2 bytes).
    Removing uart0.o(i.sendUART0), (20 bytes).
    Removing acmp_8xx.o(.rev16_text), (4 bytes).
    Removing acmp_8xx.o(.revsh_text), (4 bytes).
    Removing acmp_8xx.o(i.Chip_ACMP_Deinit), (32 bytes).
    Removing acmp_8xx.o(i.Chip_ACMP_EdgeClear), (28 bytes).
    Removing acmp_8xx.o(i.Chip_ACMP_Init), (36 bytes).
    Removing acmp_8xx.o(i.Chip_ACMP_SetEdgeSelection), (16 bytes).
    Removing acmp_8xx.o(i.Chip_ACMP_SetHysteresis), (16 bytes).
    Removing acmp_8xx.o(i.Chip_ACMP_SetNegVoltRef), (16 bytes).
    Removing acmp_8xx.o(i.Chip_ACMP_SetPosVoltRef), (16 bytes).
    Removing acmp_8xx.o(i.Chip_ACMP_SetupAMCPRefs), (28 bytes).
    Removing acmp_8xx.o(i.Chip_ACMP_SetupVoltLadder), (22 bytes).
    Removing adc_8xx.o(.rev16_text), (4 bytes).
    Removing adc_8xx.o(.revsh_text), (4 bytes).
    Removing adc_8xx.o(i.Chip_ADC_DeInit), (36 bytes).
    Removing adc_8xx.o(i.Chip_ADC_Init), (44 bytes).
    Removing adc_8xx.o(i.Chip_ADC_StartCalibration), (64 bytes).
    Removing clock_8xx.o(.rev16_text), (4 bytes).
    Removing clock_8xx.o(.revsh_text), (4 bytes).
    Removing clock_8xx.o(i.Chip_Clock_GetIOCONCLKDIVClockRate), (36 bytes).
    Removing clock_8xx.o(i.Chip_Clock_SetCLKOUTSource), (20 bytes).
    Removing clock_8xx.o(i.Chip_Clock_SetIOCONCLKDIV), (20 bytes).
    Removing clock_8xx.o(i.Chip_Clock_SetMainClockSource), (20 bytes).
    Removing clock_8xx.o(i.Chip_Clock_SetPLLBypass), (28 bytes).
    Removing clock_8xx.o(i.Chip_Clock_SetSystemPLLSource), (20 bytes).
    Removing crc_8xx.o(.rev16_text), (4 bytes).
    Removing crc_8xx.o(.revsh_text), (4 bytes).
    Removing crc_8xx.o(i.Chip_CRC_CRC16), (32 bytes).
    Removing crc_8xx.o(i.Chip_CRC_CRC32), (30 bytes).
    Removing crc_8xx.o(i.Chip_CRC_CRC8), (32 bytes).
    Removing crc_8xx.o(i.Chip_CRC_Deinit), (20 bytes).
    Removing crc_8xx.o(i.Chip_CRC_Init), (28 bytes).
    Removing crc_8xx.o(i.Chip_CRC_UseCCITT), (20 bytes).
    Removing crc_8xx.o(i.Chip_CRC_UseCRC16), (12 bytes).
    Removing crc_8xx.o(i.Chip_CRC_UseCRC32), (16 bytes).
    Removing crc_8xx.o(i.Chip_CRC_UseDefaultConfig), (28 bytes).
    Removing dma_8xx.o(.rev16_text), (4 bytes).
    Removing dma_8xx.o(.revsh_text), (4 bytes).
    Removing dma_8xx.o(.bss), (288 bytes).
    Removing gpio_8xx.o(.rev16_text), (4 bytes).
    Removing gpio_8xx.o(.revsh_text), (4 bytes).
    Removing gpio_8xx.o(i.Chip_GPIO_DeInit), (20 bytes).
    Removing gpio_8xx.o(i.Chip_GPIO_Init), (24 bytes).
    Removing i2c_common_8xx.o(.rev16_text), (4 bytes).
    Removing i2c_common_8xx.o(.revsh_text), (4 bytes).
    Removing i2c_common_8xx.o(i.Chip_I2C_DeInit), (32 bytes).
    Removing i2c_common_8xx.o(i.Chip_I2C_Init), (108 bytes).
    Removing i2c_common_8xx.o(i.I2C_GetClockID), (44 bytes).
    Removing i2cm_8xx.o(.rev16_text), (4 bytes).
    Removing i2cm_8xx.o(.revsh_text), (4 bytes).
    Removing i2cm_8xx.o(i.Chip_I2CM_SetBusSpeed), (78 bytes).
    Removing i2cm_8xx.o(i.Chip_I2CM_Xfer), (36 bytes).
    Removing i2cm_8xx.o(i.Chip_I2CM_XferBlocking), (32 bytes).
    Removing i2cm_8xx.o(i.Chip_I2CM_XferHandler), (172 bytes).
    Removing i2cs_8xx.o(.rev16_text), (4 bytes).
    Removing i2cs_8xx.o(.revsh_text), (4 bytes).
    Removing i2cs_8xx.o(i.Chip_I2CS_XferHandler), (124 bytes).
    Removing iocon_8xx.o(.rev16_text), (4 bytes).
    Removing iocon_8xx.o(.revsh_text), (4 bytes).
    Removing iocon_8xx.o(i.Chip_IOCON_PinSetClockDivisor), (20 bytes).
    Removing iocon_8xx.o(i.Chip_IOCON_PinSetHysteresis), (20 bytes).
    Removing iocon_8xx.o(i.Chip_IOCON_PinSetI2CMode), (20 bytes).
    Removing iocon_8xx.o(i.Chip_IOCON_PinSetInputInverted), (20 bytes).
    Removing iocon_8xx.o(i.Chip_IOCON_PinSetOpenDrainMode), (22 bytes).
    Removing iocon_8xx.o(i.Chip_IOCON_PinSetSampleMode), (20 bytes).
    Removing iocon_8xx.o(i.Chip_IOCON_SetPinMuxing), (26 bytes).
    Removing irc_8xx.o(.rev16_text), (4 bytes).
    Removing irc_8xx.o(.revsh_text), (4 bytes).
    Removing irc_8xx.o(i.Chip_FMC_SetFLASHAccess), (12 bytes).
    Removing irc_8xx.o(i.Chip_IRC_SetFreq), (184 bytes).
    Removing irc_8xx.o(i.Chip_IRC_SetFreq_ROM), (92 bytes).
    Removing irc_8xx.o(.constdata), (852 bytes).
    Removing irc_8xx.o(.data), (2 bytes).
    Removing pinint_8xx.o(.rev16_text), (4 bytes).
    Removing pinint_8xx.o(.revsh_text), (4 bytes).
    Removing pinint_8xx.o(i.Chip_PININT_SetPatternMatchConfig), (48 bytes).
    Removing pinint_8xx.o(i.Chip_PININT_SetPatternMatchSrc), (28 bytes).
    Removing pmu_8xx.o(.rev16_text), (4 bytes).
    Removing pmu_8xx.o(.revsh_text), (4 bytes).
    Removing pmu_8xx.o(i.Chip_PMU_DeepPowerDownState), (28 bytes).
    Removing pmu_8xx.o(i.Chip_PMU_DeepSleepState), (28 bytes).
    Removing pmu_8xx.o(i.Chip_PMU_PowerDownState), (28 bytes).
    Removing pmu_8xx.o(i.Chip_PMU_Sleep), (38 bytes).
    Removing pmu_8xx.o(i.Chip_PMU_SleepState), (24 bytes).
    Removing sct_8xx.o(.rev16_text), (4 bytes).
    Removing sct_8xx.o(.revsh_text), (4 bytes).
    Removing sct_8xx.o(i.Chip_SCT_DeInit), (20 bytes).
    Removing sct_8xx.o(i.Chip_SCT_Init), (56 bytes).
    Removing sct_8xx.o(i.Chip_SCT_SetClrControl), (32 bytes).
    Removing sct_8xx.o(i.Chip_SCT_SetConflictResolution), (26 bytes).
    Removing sct_pwm_8xx.o(.rev16_text), (4 bytes).
    Removing sct_pwm_8xx.o(.revsh_text), (4 bytes).
    Removing sct_pwm_8xx.o(i.Chip_SCTPWM_SetOutPin), (72 bytes).
    Removing sct_pwm_8xx.o(i.Chip_SCTPWM_SetRate), (84 bytes).
    Removing spi_8xx.o(.rev16_text), (4 bytes).
    Removing spi_8xx.o(.revsh_text), (4 bytes).
    Removing spi_8xx.o(i.Chip_SPI_CalClkRateDivider), (16 bytes).
    Removing spi_8xx.o(i.Chip_SPI_DelayConfig), (40 bytes).
    Removing spi_8xx.o(i.Chip_SPI_Int_Cmd), (12 bytes).
    Removing spi_8xx.o(i.Chip_SPI_Int_RWFrames), (112 bytes).
    Removing spi_8xx.o(i.Chip_SPI_RWFrames_Blocking), (102 bytes).
    Removing spi_8xx.o(i.Chip_SPI_ReadFrames_Blocking), (96 bytes).
    Removing spi_8xx.o(i.Chip_SPI_SendLastFrame), (18 bytes).
    Removing spi_8xx.o(i.Chip_SPI_SetControlInfo), (12 bytes).
    Removing spi_8xx.o(i.Chip_SPI_WriteFrames_Blocking), (76 bytes).
    Removing spi_8xx.o(i.SPI_Receive_Data), (18 bytes).
    Removing spi_8xx.o(i.SPI_Send_Data), (38 bytes).
    Removing spi_8xx.o(i.SPI_Send_Data_RxIgnore), (48 bytes).
    Removing spim_8xx.o(.rev16_text), (4 bytes).
    Removing spim_8xx.o(.revsh_text), (4 bytes).
    Removing spim_8xx.o(i.Chip_SPIM_AssertSSEL), (24 bytes).
    Removing spim_8xx.o(i.Chip_SPIM_DeAssertSSEL), (24 bytes).
    Removing spim_8xx.o(i.Chip_SPIM_DelayConfig), (36 bytes).
    Removing spim_8xx.o(i.Chip_SPIM_GetClockRate), (20 bytes).
    Removing spim_8xx.o(i.Chip_SPIM_SetClockRate), (46 bytes).
    Removing spim_8xx.o(i.Chip_SPIM_Xfer), (52 bytes).
    Removing spim_8xx.o(i.Chip_SPIM_XferBlocking), (36 bytes).
    Removing spim_8xx.o(i.Chip_SPIM_XferHandler), (236 bytes).
    Removing spim_8xx.o(.data), (1 bytes).
    Removing spis_8xx.o(.rev16_text), (4 bytes).
    Removing spis_8xx.o(.revsh_text), (4 bytes).
    Removing spis_8xx.o(i.Chip_SPIS_XferBlocking), (36 bytes).
    Removing spis_8xx.o(i.Chip_SPIS_XferHandler), (252 bytes).
    Removing spis_8xx.o(.data), (1 bytes).
    Removing stopwatch_8xx.o(.rev16_text), (4 bytes).
    Removing stopwatch_8xx.o(.revsh_text), (4 bytes).
    Removing stopwatch_8xx.o(i.StopWatch_Init), (124 bytes).
    Removing stopwatch_8xx.o(i.StopWatch_MsToTicks), (12 bytes).
    Removing stopwatch_8xx.o(i.StopWatch_Start), (20 bytes).
    Removing stopwatch_8xx.o(i.StopWatch_TicksPerSecond), (12 bytes).
    Removing stopwatch_8xx.o(i.StopWatch_TicksToMs), (16 bytes).
    Removing stopwatch_8xx.o(i.StopWatch_TicksToUs), (16 bytes).
    Removing stopwatch_8xx.o(i.StopWatch_UsToTicks), (12 bytes).
    Removing stopwatch_8xx.o(.data), (12 bytes).
    Removing swm_8xx.o(.rev16_text), (4 bytes).
    Removing swm_8xx.o(.revsh_text), (4 bytes).
    Removing swm_8xx.o(i.Chip_SWM_FixedPinEnable), (40 bytes).
    Removing syscon_8xx.o(.rev16_text), (4 bytes).
    Removing syscon_8xx.o(.revsh_text), (4 bytes).
    Removing syscon_8xx.o(i.Chip_SYSCTL_PowerDown), (32 bytes).
    Removing syscon_8xx.o(i.Chip_SYSCTL_SetDeepSleepPD), (20 bytes).
    Removing syscon_8xx.o(i.Chip_SYSCTL_SetWakeup), (24 bytes).
    Removing uart_8xx.o(.rev16_text), (4 bytes).
    Removing uart_8xx.o(.revsh_text), (4 bytes).
    Removing uart_8xx.o(i.Chip_UART_DeInit), (32 bytes).
    Removing uart_8xx.o(i.Chip_UART_IRQRBHandler), (52 bytes).
    Removing uart_8xx.o(i.Chip_UART_RXIntHandlerRB), (36 bytes).
    Removing uart_8xx.o(i.Chip_UART_Read), (36 bytes).
    Removing uart_8xx.o(i.Chip_UART_ReadBlocking), (36 bytes).
    Removing uart_8xx.o(i.Chip_UART_ReadRB), (16 bytes).
    Removing uart_8xx.o(i.Chip_UART_Send), (36 bytes).
    Removing uart_8xx.o(i.Chip_UART_SendBlocking), (36 bytes).
    Removing uart_8xx.o(i.Chip_UART_SendRB), (56 bytes).
    Removing uart_8xx.o(i.Chip_UART_TXIntHandlerRB), (44 bytes).
    Removing wkt_8xx.o(.rev16_text), (4 bytes).
    Removing wkt_8xx.o(.revsh_text), (4 bytes).
    Removing wkt_8xx.o(i.Chip_WKT_GetClockRate), (24 bytes).
    Removing wkt_8xx.o(i.Chip_WKT_SetClockSource), (20 bytes).
    Removing wkt_8xx.o(i.Chip_WKT_Start), (14 bytes).
    Removing wwdt_8xx.o(.rev16_text), (4 bytes).
    Removing wwdt_8xx.o(.revsh_text), (4 bytes).
    Removing wwdt_8xx.o(i.Chip_WWDT_ClearStatusFlag), (30 bytes).
    Removing wwdt_8xx.o(i.Chip_WWDT_DeInit), (20 bytes).
    Removing eeprom.o(.rev16_text), (4 bytes).
    Removing eeprom.o(.revsh_text), (4 bytes).
    Removing eeprom.o(i.Chip_EEPROM_Read), (52 bytes).
    Removing eeprom.o(i.Chip_EEPROM_Write), (52 bytes).
    Removing iap.o(.rev16_text), (4 bytes).
    Removing iap.o(.revsh_text), (4 bytes).
    Removing iap.o(i.Chip_IAP_BlankCheckSector), (28 bytes).
    Removing iap.o(i.Chip_IAP_Compare), (28 bytes).
    Removing iap.o(i.Chip_IAP_CopyRamToFlash), (48 bytes).
    Removing iap.o(i.Chip_IAP_ErasePage), (48 bytes).
    Removing iap.o(i.Chip_IAP_EraseSector), (48 bytes).
    Removing iap.o(i.Chip_IAP_PreSectorForReadWrite), (28 bytes).
    Removing iap.o(i.Chip_IAP_ReadBootCode), (24 bytes).
    Removing iap.o(i.Chip_IAP_ReadPID), (22 bytes).
    Removing iap.o(i.Chip_IAP_ReadUID), (42 bytes).
    Removing iap.o(i.Chip_IAP_ReinvokeISP), (24 bytes).
    Removing iap.o(i.iap_entry), (8 bytes).
    Removing ring_buffer.o(i.RingBuffer_Init), (14 bytes).
    Removing ring_buffer.o(i.RingBuffer_Insert), (50 bytes).
    Removing ring_buffer.o(i.RingBuffer_InsertMult), (130 bytes).
    Removing ring_buffer.o(i.RingBuffer_IsEmpty), (16 bytes).
    Removing ring_buffer.o(i.RingBuffer_IsFull), (20 bytes).
    Removing ring_buffer.o(i.RingBuffer_Pop), (50 bytes).
    Removing ring_buffer.o(i.RingBuffer_PopMult), (126 bytes).
    Removing rtc_ut.o(.rev16_text), (4 bytes).
    Removing rtc_ut.o(.revsh_text), (4 bytes).
    Removing rtc_ut.o(i.ConvertRtcTime), (80 bytes).
    Removing rtc_ut.o(i.ConvertTimeRtc), (136 bytes).
    Removing rtc_ut.o(i.GetDMLY), (100 bytes).
    Removing rtc_ut.o(.data), (24 bytes).
    Removing startup_lpc82x.o(HEAP), (0 bytes).
    Removing system_lpc82x.o(.rev16_text), (4 bytes).
    Removing system_lpc82x.o(.revsh_text), (4 bytes).
    Removing rt_task.o(i.rt_tsk_delete), (320 bytes).
    Removing rt_task.o(i.rt_tsk_pass), (44 bytes).
    Removing rt_task.o(i.rt_tsk_prio), (144 bytes).
    Removing rt_task.o(i.rt_tsk_self), (16 bytes).
    Removing rt_system.o(.emb_text), (0 bytes).
    Removing rt_system.o(i.rt_psh_req), (32 bytes).
    Removing rt_system.o(i.rt_resume), (176 bytes).
    Removing rt_system.o(i.rt_suspend), (52 bytes).
    Removing rt_system.o(i.rt_tsk_unlock), (84 bytes).
    Removing rt_time.o(i.rt_itv_set), (24 bytes).
    Removing rt_time.o(i.rt_itv_wait), (44 bytes).
    Removing rt_time.o(i.rt_time_get), (12 bytes).
    Removing rt_event.o(i.isr_evt_set), (36 bytes).
    Removing rt_event.o(i.rt_evt_clr), (28 bytes).
    Removing rt_event.o(i.rt_evt_get), (12 bytes).
    Removing rt_event.o(i.rt_evt_set), (92 bytes).
    Removing rt_event.o(i.rt_evt_wait), (64 bytes).
    Removing rt_list.o(i.rt_get_same_rdy_prio), (36 bytes).
    Removing rt_list.o(i.rt_psq_enq), (64 bytes).
    Removing rt_list.o(i.rt_resort_prio), (48 bytes).
    Removing rt_list.o(i.rt_rmv_list), (52 bytes).
    Removing rt_mailbox.o(i.isr_mbx_receive), (74 bytes).
    Removing rt_mailbox.o(i.isr_mbx_send), (12 bytes).
    Removing rt_mailbox.o(i.rt_mbx_check), (8 bytes).
    Removing rt_mailbox.o(i.rt_mbx_init), (32 bytes).
    Removing rt_mailbox.o(i.rt_mbx_send), (160 bytes).
    Removing rt_mailbox.o(i.rt_mbx_wait), (176 bytes).
    Removing rt_semaphore.o(i.isr_sem_send), (14 bytes).
    Removing rt_semaphore.o(i.rt_sem_init), (12 bytes).
    Removing rt_semaphore.o(i.rt_sem_send), (60 bytes).
    Removing rt_semaphore.o(i.rt_sem_wait), (68 bytes).
    Removing rt_timer.o(i.rt_tmr_create), (80 bytes).
    Removing rt_timer.o(i.rt_tmr_kill), (52 bytes).
    Removing rt_membox.o(i._calloc_box), (32 bytes).

240 unused section(s) (total 9300 bytes) removed from the image.

==============================================================================

Image Symbol Table

    Local Symbols

    Symbol Name                              Value     Ov Type        Size  Object(Section)

    RESET                                    0x00000000   Section      192  startup_lpc82x.o(RESET)
    ../clib/microlib/division.c              0x00000000   Number         0  uldiv.o ABSOLUTE
    ../clib/microlib/division.c              0x00000000   Number         0  idiv.o ABSOLUTE
    ../clib/microlib/division.c              0x00000000   Number         0  uidiv.o ABSOLUTE
    ../clib/microlib/init/entry.s            0x00000000   Number         0  entry11a.o ABSOLUTE
    ../clib/microlib/init/entry.s            0x00000000   Number         0  entry10b.o ABSOLUTE
    ../clib/microlib/init/entry.s            0x00000000   Number         0  entry10a.o ABSOLUTE
    ../clib/microlib/init/entry.s            0x00000000   Number         0  entry9b.o ABSOLUTE
    ../clib/microlib/init/entry.s            0x00000000   Number         0  entry9a.o ABSOLUTE
    ../clib/microlib/init/entry.s            0x00000000   Number         0  entry.o ABSOLUTE
    ../clib/microlib/init/entry.s            0x00000000   Number         0  entry8b.o ABSOLUTE
    ../clib/microlib/init/entry.s            0x00000000   Number         0  entry8a.o ABSOLUTE
    ../clib/microlib/init/entry.s            0x00000000   Number         0  entry7b.o ABSOLUTE
    ../clib/microlib/init/entry.s            0x00000000   Number         0  entry7a.o ABSOLUTE
    ../clib/microlib/init/entry.s            0x00000000   Number         0  entry2.o ABSOLUTE
    ../clib/microlib/init/entry.s            0x00000000   Number         0  entry5.o ABSOLUTE
    ../clib/microlib/init/entry.s            0x00000000   Number         0  entry11b.o ABSOLUTE
    ../clib/microlib/longlong.c              0x00000000   Number         0  llushr.o ABSOLUTE
    ../clib/microlib/longlong.c              0x00000000   Number         0  llshl.o ABSOLUTE
    ../clib/microlib/string/memcpy.c         0x00000000   Number         0  memcpyb.o ABSOLUTE
    ../clib/microlib/string/memcpy.c         0x00000000   Number         0  memcpya.o ABSOLUTE
    ../clib/microlib/string/memset.c         0x00000000   Number         0  memseta.o ABSOLUTE
    ../clib/microlib/stubs.s                 0x00000000   Number         0  iusefp.o ABSOLUTE
    ../fplib/microlib/fpdiv.c                0x00000000   Number         0  ddiv.o ABSOLUTE
    ../fplib/microlib/fpepilogue.c           0x00000000   Number         0  depilogue.o ABSOLUTE
    ../fplib/microlib/fpfix.c                0x00000000   Number         0  dfixui.o ABSOLUTE
    ../fplib/microlib/fpflt.c                0x00000000   Number         0  dfltui.o ABSOLUTE
    ../fplib/microlib/fpmul.c                0x00000000   Number         0  dmul.o ABSOLUTE
    RTE\Device\LPC824M201JDH20\startup_LPC82x.s 0x00000000   Number         0  startup_lpc82x.o ABSOLUTE
    RTE\Device\LPC824M201JDH20\system_LPC82x.c 0x00000000   Number         0  system_lpc82x.o ABSOLUTE
    RTE\\Device\\LPC824M201JDH20\\system_LPC82x.c 0x00000000   Number         0  system_lpc82x.o ABSOLUTE
    SRC\CM\HAL_CM1.c                         0x00000000   Number         0  hal_cm1.o ABSOLUTE
    SRC\CM\SVC_Table.s                       0x00000000   Number         0  svc_table.o ABSOLUTE
    SRC\CM\rt_Event.c                        0x00000000   Number         0  rt_event.o ABSOLUTE
    SRC\CM\rt_List.c                         0x00000000   Number         0  rt_list.o ABSOLUTE
    SRC\CM\rt_Mailbox.c                      0x00000000   Number         0  rt_mailbox.o ABSOLUTE
    SRC\CM\rt_MemBox.c                       0x00000000   Number         0  rt_membox.o ABSOLUTE
    SRC\CM\rt_Robin.c                        0x00000000   Number         0  rt_robin.o ABSOLUTE
    SRC\CM\rt_Semaphore.c                    0x00000000   Number         0  rt_semaphore.o ABSOLUTE
    SRC\CM\rt_System.c                       0x00000000   Number         0  rt_system.o ABSOLUTE
    SRC\CM\rt_Task.c                         0x00000000   Number         0  rt_task.o ABSOLUTE
    SRC\CM\rt_Time.c                         0x00000000   Number         0  rt_time.o ABSOLUTE
    SRC\CM\rt_Timer.c                        0x00000000   Number         0  rt_timer.o ABSOLUTE
    SRC\MMI.C                                0x00000000   Number         0  mmi.o ABSOLUTE
    SRC\RTX_Conf_CM.c                        0x00000000   Number         0  rtx_conf_cm.o ABSOLUTE
    SRC\UART0.C                              0x00000000   Number         0  uart0.o ABSOLUTE
    SRC\\CM\\HAL_CM1.c                       0x00000000   Number         0  hal_cm1.o ABSOLUTE
    SRC\\CM\\rt_System.c                     0x00000000   Number         0  rt_system.o ABSOLUTE
    SRC\\MMI.C                               0x00000000   Number         0  mmi.o ABSOLUTE
    SRC\\UART0.C                             0x00000000   Number         0  uart0.o ABSOLUTE
    SRC\\lpc_chip\\chip_8xx\\acmp_8xx.c      0x00000000   Number         0  acmp_8xx.o ABSOLUTE
    SRC\\lpc_chip\\chip_8xx\\adc_8xx.c       0x00000000   Number         0  adc_8xx.o ABSOLUTE
    SRC\\lpc_chip\\chip_8xx\\clock_8xx.c     0x00000000   Number         0  clock_8xx.o ABSOLUTE
    SRC\\lpc_chip\\chip_8xx\\crc_8xx.c       0x00000000   Number         0  crc_8xx.o ABSOLUTE
    SRC\\lpc_chip\\chip_8xx\\dma_8xx.c       0x00000000   Number         0  dma_8xx.o ABSOLUTE
    SRC\\lpc_chip\\chip_8xx\\gpio_8xx.c      0x00000000   Number         0  gpio_8xx.o ABSOLUTE
    SRC\\lpc_chip\\chip_8xx\\i2c_common_8xx.c 0x00000000   Number         0  i2c_common_8xx.o ABSOLUTE
    SRC\\lpc_chip\\chip_8xx\\i2cm_8xx.c      0x00000000   Number         0  i2cm_8xx.o ABSOLUTE
    SRC\\lpc_chip\\chip_8xx\\i2cs_8xx.c      0x00000000   Number         0  i2cs_8xx.o ABSOLUTE
    SRC\\lpc_chip\\chip_8xx\\iocon_8xx.c     0x00000000   Number         0  iocon_8xx.o ABSOLUTE
    SRC\\lpc_chip\\chip_8xx\\irc_8xx.c       0x00000000   Number         0  irc_8xx.o ABSOLUTE
    SRC\\lpc_chip\\chip_8xx\\pinint_8xx.c    0x00000000   Number         0  pinint_8xx.o ABSOLUTE
    SRC\\lpc_chip\\chip_8xx\\pmu_8xx.c       0x00000000   Number         0  pmu_8xx.o ABSOLUTE
    SRC\\lpc_chip\\chip_8xx\\sct_8xx.c       0x00000000   Number         0  sct_8xx.o ABSOLUTE
    SRC\\lpc_chip\\chip_8xx\\sct_pwm_8xx.c   0x00000000   Number         0  sct_pwm_8xx.o ABSOLUTE
    SRC\\lpc_chip\\chip_8xx\\spi_8xx.c       0x00000000   Number         0  spi_8xx.o ABSOLUTE
    SRC\\lpc_chip\\chip_8xx\\spim_8xx.c      0x00000000   Number         0  spim_8xx.o ABSOLUTE
    SRC\\lpc_chip\\chip_8xx\\spis_8xx.c      0x00000000   Number         0  spis_8xx.o ABSOLUTE
    SRC\\lpc_chip\\chip_8xx\\stopwatch_8xx.c 0x00000000   Number         0  stopwatch_8xx.o ABSOLUTE
    SRC\\lpc_chip\\chip_8xx\\swm_8xx.c       0x00000000   Number         0  swm_8xx.o ABSOLUTE
    SRC\\lpc_chip\\chip_8xx\\syscon_8xx.c    0x00000000   Number         0  syscon_8xx.o ABSOLUTE
    SRC\\lpc_chip\\chip_8xx\\uart_8xx.c      0x00000000   Number         0  uart_8xx.o ABSOLUTE
    SRC\\lpc_chip\\chip_8xx\\wkt_8xx.c       0x00000000   Number         0  wkt_8xx.o ABSOLUTE
    SRC\\lpc_chip\\chip_8xx\\wwdt_8xx.c      0x00000000   Number         0  wwdt_8xx.o ABSOLUTE
    SRC\\lpc_chip\\chip_common\\eeprom.c     0x00000000   Number         0  eeprom.o ABSOLUTE
    SRC\\lpc_chip\\chip_common\\iap.c        0x00000000   Number         0  iap.o ABSOLUTE
    SRC\\lpc_chip\\chip_common\\rtc_ut.c     0x00000000   Number         0  rtc_ut.o ABSOLUTE
    SRC\\main.c                              0x00000000   Number         0  main.o ABSOLUTE
    SRC\lpc_chip\chip_8xx\acmp_8xx.c         0x00000000   Number         0  acmp_8xx.o ABSOLUTE
    SRC\lpc_chip\chip_8xx\adc_8xx.c          0x00000000   Number         0  adc_8xx.o ABSOLUTE
    SRC\lpc_chip\chip_8xx\clock_8xx.c        0x00000000   Number         0  clock_8xx.o ABSOLUTE
    SRC\lpc_chip\chip_8xx\crc_8xx.c          0x00000000   Number         0  crc_8xx.o ABSOLUTE
    SRC\lpc_chip\chip_8xx\dma_8xx.c          0x00000000   Number         0  dma_8xx.o ABSOLUTE
    SRC\lpc_chip\chip_8xx\gpio_8xx.c         0x00000000   Number         0  gpio_8xx.o ABSOLUTE
    SRC\lpc_chip\chip_8xx\i2c_common_8xx.c   0x00000000   Number         0  i2c_common_8xx.o ABSOLUTE
    SRC\lpc_chip\chip_8xx\i2cm_8xx.c         0x00000000   Number         0  i2cm_8xx.o ABSOLUTE
    SRC\lpc_chip\chip_8xx\i2cs_8xx.c         0x00000000   Number         0  i2cs_8xx.o ABSOLUTE
    SRC\lpc_chip\chip_8xx\iocon_8xx.c        0x00000000   Number         0  iocon_8xx.o ABSOLUTE
    SRC\lpc_chip\chip_8xx\irc_8xx.c          0x00000000   Number         0  irc_8xx.o ABSOLUTE
    SRC\lpc_chip\chip_8xx\pinint_8xx.c       0x00000000   Number         0  pinint_8xx.o ABSOLUTE
    SRC\lpc_chip\chip_8xx\pmu_8xx.c          0x00000000   Number         0  pmu_8xx.o ABSOLUTE
    SRC\lpc_chip\chip_8xx\sct_8xx.c          0x00000000   Number         0  sct_8xx.o ABSOLUTE
    SRC\lpc_chip\chip_8xx\sct_pwm_8xx.c      0x00000000   Number         0  sct_pwm_8xx.o ABSOLUTE
    SRC\lpc_chip\chip_8xx\spi_8xx.c          0x00000000   Number         0  spi_8xx.o ABSOLUTE
    SRC\lpc_chip\chip_8xx\spim_8xx.c         0x00000000   Number         0  spim_8xx.o ABSOLUTE
    SRC\lpc_chip\chip_8xx\spis_8xx.c         0x00000000   Number         0  spis_8xx.o ABSOLUTE
    SRC\lpc_chip\chip_8xx\stopwatch_8xx.c    0x00000000   Number         0  stopwatch_8xx.o ABSOLUTE
    SRC\lpc_chip\chip_8xx\swm_8xx.c          0x00000000   Number         0  swm_8xx.o ABSOLUTE
    SRC\lpc_chip\chip_8xx\syscon_8xx.c       0x00000000   Number         0  syscon_8xx.o ABSOLUTE
    SRC\lpc_chip\chip_8xx\uart_8xx.c         0x00000000   Number         0  uart_8xx.o ABSOLUTE
    SRC\lpc_chip\chip_8xx\wkt_8xx.c          0x00000000   Number         0  wkt_8xx.o ABSOLUTE
    SRC\lpc_chip\chip_8xx\wwdt_8xx.c         0x00000000   Number         0  wwdt_8xx.o ABSOLUTE
    SRC\lpc_chip\chip_common\eeprom.c        0x00000000   Number         0  eeprom.o ABSOLUTE
    SRC\lpc_chip\chip_common\iap.c           0x00000000   Number         0  iap.o ABSOLUTE
    SRC\lpc_chip\chip_common\ring_buffer.c   0x00000000   Number         0  ring_buffer.o ABSOLUTE
    SRC\lpc_chip\chip_common\rtc_ut.c        0x00000000   Number         0  rtc_ut.o ABSOLUTE
    SRC\main.c                               0x00000000   Number         0  main.o ABSOLUTE
    dc.s                                     0x00000000   Number         0  dc.o ABSOLUTE
    handlers.s                               0x00000000   Number         0  handlers.o ABSOLUTE
    init.s                                   0x00000000   Number         0  init.o ABSOLUTE
    .ARM.Collect$$$$00000000                 0x000000c0   Section        0  entry.o(.ARM.Collect$$$$00000000)
    .ARM.Collect$$$$00000001                 0x000000c0   Section        4  entry2.o(.ARM.Collect$$$$00000001)
    .ARM.Collect$$$$00000004                 0x000000c4   Section        4  entry5.o(.ARM.Collect$$$$00000004)
    .ARM.Collect$$$$00000008                 0x000000c8   Section        0  entry7b.o(.ARM.Collect$$$$00000008)
    .ARM.Collect$$$$0000000A                 0x000000c8   Section        0  entry8b.o(.ARM.Collect$$$$0000000A)
    .ARM.Collect$$$$0000000B                 0x000000c8   Section        8  entry9a.o(.ARM.Collect$$$$0000000B)
    .ARM.Collect$$$$0000000D                 0x000000d0   Section        0  entry10a.o(.ARM.Collect$$$$0000000D)
    .ARM.Collect$$$$0000000F                 0x000000d0   Section        0  entry11a.o(.ARM.Collect$$$$0000000F)
    .ARM.Collect$$$$00002712                 0x000000d0   Section        4  entry2.o(.ARM.Collect$$$$00002712)
    __lit__00000000                          0x000000d0   Data           4  entry2.o(.ARM.Collect$$$$00002712)
    .emb_text                                0x000000d4   Section       14  main.o(.emb_text)
    .emb_text                                0x000000e4   Section      392  hal_cm1.o(.emb_text)
    .text                                    0x0000026c   Section       28  startup_lpc82x.o(.text)
    .text                                    0x00000288   Section        0  uidiv.o(.text)
    .text                                    0x000002b4   Section        0  memseta.o(.text)
    .text                                    0x000002d8   Section        0  dfltui.o(.text)
    .text                                    0x000002f4   Section        0  iusefp.o(.text)
    SVC_TABLE                                0x000002f4   Section        4  svc_table.o(SVC_TABLE)
    i.__scatterload_null                     0x000002f8   Section        2  handlers.o(i.__scatterload_null)
    i.os_error                               0x000002fa   Section        0  rtx_conf_cm.o(i.os_error)
    .ARM.__at_0x02FC                         0x000002fc   Section        4  startup_lpc82x.o(.ARM.__at_0x02FC)
    .text                                    0x00000300   Section        0  uldiv.o(.text)
    .text                                    0x00000360   Section        0  dmul.o(.text)
    .text                                    0x00000430   Section        0  ddiv.o(.text)
    .text                                    0x00000520   Section        0  dfixui.o(.text)
    .text                                    0x0000055c   Section        0  llshl.o(.text)
    .text                                    0x0000057c   Section        0  llushr.o(.text)
    .text                                    0x0000059e   Section        0  depilogue.o(.text)
    .text                                    0x0000065c   Section       36  init.o(.text)
    i.Chip_Clock_EnablePeriphClock           0x00000680   Section        0  main.o(i.Chip_Clock_EnablePeriphClock)
    Chip_Clock_EnablePeriphClock             0x00000681   Thumb Code    18  main.o(i.Chip_Clock_EnablePeriphClock)
    i.Chip_Clock_GetMainClockRate            0x0000069c   Section        0  clock_8xx.o(i.Chip_Clock_GetMainClockRate)
    i.Chip_Clock_GetSystemClockRate          0x000006d4   Section        0  clock_8xx.o(i.Chip_Clock_GetSystemClockRate)
    i.Chip_Clock_GetSystemPLLInClockRate     0x000006ec   Section        0  clock_8xx.o(i.Chip_Clock_GetSystemPLLInClockRate)
    i.Chip_Clock_GetSystemPLLOutClockRate    0x00000720   Section        0  clock_8xx.o(i.Chip_Clock_GetSystemPLLOutClockRate)
    i.Chip_Clock_GetUSARTNBaseClockRate      0x00000738   Section        0  clock_8xx.o(i.Chip_Clock_GetUSARTNBaseClockRate)
    i.Chip_Clock_GetWDTOSCRate               0x00000778   Section        0  clock_8xx.o(i.Chip_Clock_GetWDTOSCRate)
    i.Chip_Clock_SetUSARTNBaseClockRate      0x0000079c   Section        0  clock_8xx.o(i.Chip_Clock_SetUSARTNBaseClockRate)
    i.Chip_GPIO_ReadPortBit                  0x00000808   Section        0  mmi.o(i.Chip_GPIO_ReadPortBit)
    Chip_GPIO_ReadPortBit                    0x00000809   Thumb Code    14  mmi.o(i.Chip_GPIO_ReadPortBit)
    i.Chip_IOCON_PinSetMode                  0x00000816   Section        0  iocon_8xx.o(i.Chip_IOCON_PinSetMode)
    i.Chip_SWM_MovablePinAssign              0x00000828   Section        0  swm_8xx.o(i.Chip_SWM_MovablePinAssign)
    i.Chip_SYSCTL_PeriphReset                0x0000084c   Section        0  uart_8xx.o(i.Chip_SYSCTL_PeriphReset)
    Chip_SYSCTL_PeriphReset                  0x0000084d   Thumb Code    30  uart_8xx.o(i.Chip_SYSCTL_PeriphReset)
    i.Chip_SYSCTL_PowerUp                    0x00000874   Section        0  syscon_8xx.o(i.Chip_SYSCTL_PowerUp)
    i.Chip_UART_Init                         0x00000894   Section        0  uart_8xx.o(i.Chip_UART_Init)
    i.Chip_UART_SetBaud                      0x000008d8   Section        0  uart_8xx.o(i.Chip_UART_SetBaud)
    i.Chip_WWDT_Init                         0x000008f0   Section        0  wwdt_8xx.o(i.Chip_WWDT_Init)
    i.SystemCoreClockUpdate                  0x00000924   Section        0  system_lpc82x.o(i.SystemCoreClockUpdate)
    i.SystemInit                             0x00000a48   Section        0  system_lpc82x.o(i.SystemInit)
    i.UART0_IRQHandler                       0x00000a88   Section        0  uart0.o(i.UART0_IRQHandler)
    i.__ARM_clz                              0x00000aac   Section        0  depilogue.o(i.__ARM_clz)
    i.__ARM_common_switch8                   0x00000ada   Section        0  i2cm_8xx.o(i.__ARM_common_switch8)
    i.__scatterload_copy                     0x00000af4   Section       14  handlers.o(i.__scatterload_copy)
    i.__scatterload_zeroinit                 0x00000b02   Section       14  handlers.o(i.__scatterload_zeroinit)
    i._init_box                              0x00000b10   Section        0  rt_membox.o(i._init_box)
    i.buttonMMI                              0x00000b58   Section        0  mmi.o(i.buttonMMI)
    i.getUARTClockID                         0x00000b6c   Section        0  uart_8xx.o(i.getUARTClockID)
    getUARTClockID                           0x00000b6d   Thumb Code    24  uart_8xx.o(i.getUARTClockID)
    i.initMMI                                0x00000b8c   Section        0  mmi.o(i.initMMI)
    i.initUART0                              0x00000bdc   Section        0  uart0.o(i.initUART0)
    i.ledMMI                                 0x00000c44   Section        0  mmi.o(i.ledMMI)
    i.main                                   0x00000cb8   Section        0  main.o(i.main)
    i.os_idle_demon                          0x00000cec   Section        0  rtx_conf_cm.o(i.os_idle_demon)
    i.os_tick_init                           0x00000cf0   Section        0  rt_system.o(i.os_tick_init)
    i.os_tick_irqack                         0x00000d1c   Section        0  rt_system.o(i.os_tick_irqack)
    i.os_tmr_call                            0x00000d1e   Section        0  rtx_conf_cm.o(i.os_tmr_call)
    i.rt_alloc_box                           0x00000d20   Section        0  rt_membox.o(i.rt_alloc_box)
    i.rt_block                               0x00000d40   Section        0  rt_task.o(i.rt_block)
    i.rt_chk_robin                           0x00000d78   Section        0  rt_robin.o(i.rt_chk_robin)
    i.rt_dec_dly                             0x00000dbc   Section        0  rt_list.o(i.rt_dec_dly)
    i.rt_dispatch                            0x00000e34   Section        0  rt_task.o(i.rt_dispatch)
    i.rt_dly_wait                            0x00000e74   Section        0  rt_time.o(i.rt_dly_wait)
    i.rt_evt_psh                             0x00000e80   Section        0  rt_event.o(i.rt_evt_psh)
    i.rt_free_box                            0x00000ecc   Section        0  rt_membox.o(i.rt_free_box)
    i.rt_get_first                           0x00000ef2   Section        0  rt_list.o(i.rt_get_first)
    i.rt_init_context                        0x00000f1c   Section        0  rt_task.o(i.rt_init_context)
    rt_init_context                          0x00000f1d   Thumb Code    68  rt_task.o(i.rt_init_context)
    i.rt_init_robin                          0x00000f64   Section        0  rt_robin.o(i.rt_init_robin)
    i.rt_init_stack                          0x00000f7c   Section        0  hal_cm1.o(i.rt_init_stack)
    i.rt_mbx_psh                             0x00000fc8   Section        0  rt_mailbox.o(i.rt_mbx_psh)
    i.rt_pop_req                             0x0000107c   Section        0  rt_system.o(i.rt_pop_req)
    i.rt_put_dly                             0x000010ec   Section        0  rt_list.o(i.rt_put_dly)
    i.rt_put_prio                            0x0000113c   Section        0  rt_list.o(i.rt_put_prio)
    i.rt_put_rdy_first                       0x00001178   Section        0  rt_list.o(i.rt_put_rdy_first)
    i.rt_rmv_dly                             0x0000118c   Section        0  rt_list.o(i.rt_rmv_dly)
    i.rt_sem_psh                             0x000011b8   Section        0  rt_semaphore.o(i.rt_sem_psh)
    i.rt_stk_check                           0x000011ec   Section        0  rt_system.o(i.rt_stk_check)
    i.rt_switch_req                          0x00001214   Section        0  rt_task.o(i.rt_switch_req)
    i.rt_sys_init                            0x00001224   Section        0  rt_task.o(i.rt_sys_init)
    i.rt_systick                             0x0000135c   Section        0  rt_system.o(i.rt_systick)
    i.rt_tmr_tick                            0x00001398   Section        0  rt_timer.o(i.rt_tmr_tick)
    i.rt_tsk_create                          0x000013d8   Section        0  rt_task.o(i.rt_tsk_create)
    i.rt_tsk_lock                            0x00001454   Section        0  rt_system.o(i.rt_tsk_lock)
    i.rxCBUART0                              0x000014a8   Section        0  main.o(i.rxCBUART0)
    i.thMain                                 0x000014b4   Section        0  main.o(i.thMain)
    .constdata                               0x00001654   Section        2  rtx_conf_cm.o(.constdata)
    .constdata                               0x00001658   Section        4  rtx_conf_cm.o(.constdata)
    .constdata                               0x0000165c   Section        4  rtx_conf_cm.o(.constdata)
    .constdata                               0x00001660   Section        4  rtx_conf_cm.o(.constdata)
    .constdata                               0x00001664   Section        1  rtx_conf_cm.o(.constdata)
    .constdata                               0x00001668   Section        8  rtx_conf_cm.o(.constdata)
    __tagsym$$used                           0x00001668   Number         0  rtx_conf_cm.o(.constdata)
    __tagsym$$used                           0x0000166c   Number         0  rtx_conf_cm.o(.constdata)
    .constdata                               0x00001670   Section        2  rtx_conf_cm.o(.constdata)
    .constdata                               0x00001674   Section        4  rtx_conf_cm.o(.constdata)
    .constdata                               0x00001678   Section        1  rtx_conf_cm.o(.constdata)
    .constdata                               0x0000167a   Section        2  rtx_conf_cm.o(.constdata)
    .constdata                               0x0000167c   Section        4  main.o(.constdata)
    .constdata                               0x00001680   Section        4  main.o(.constdata)
    .constdata                               0x00001684   Section       64  clock_8xx.o(.constdata)
    wdtOSCRate                               0x00001684   Data          64  clock_8xx.o(.constdata)
    .constdata                               0x000016c4   Section        4  rt_system.o(.constdata)
    __tagsym$$used                           0x000016c4   Number         0  rt_system.o(.constdata)
    .data                                    0x10000000   Section        4  rtx_conf_cm.o(.data)
    .data                                    0x10000004   Section        8  mmi.o(.data)
    .data                                    0x1000000c   Section        4  system_lpc82x.o(.data)
    .data                                    0x10000010   Section        8  rt_task.o(.data)
    .data                                    0x10000018   Section        8  rt_system.o(.data)
    os_lock                                  0x10000018   Data           1  rt_system.o(.data)
    os_psh_flag                              0x10000019   Data           1  rt_system.o(.data)
    pend_flags                               0x1000001a   Data           1  rt_system.o(.data)
    .data                                    0x10000020   Section        4  rt_time.o(.data)
    .data                                    0x10000024   Section        8  rt_timer.o(.data)
    .data                                    0x1000002c   Section        8  rt_robin.o(.data)
    .bss                                     0x10000034   Section      404  rtx_conf_cm.o(.bss)
    .bss                                     0x100001c8   Section      216  rtx_conf_cm.o(.bss)
    .bss                                     0x100002a0   Section      132  rtx_conf_cm.o(.bss)
    .bss                                     0x10000324   Section       28  rtx_conf_cm.o(.bss)
    .bss                                     0x10000340   Section     1280  main.o(.bss)
    .bss                                     0x10000840   Section       56  rt_task.o(.bss)
    .bss                                     0x10000878   Section       48  rt_list.o(.bss)
    STACK                                    0x100008a8   Section      512  startup_lpc82x.o(STACK)

    Global Symbols

    Symbol Name                              Value     Ov Type        Size  Object(Section)

    BuildAttributes$$THM_ISAv3M$S$PE$A:L22$X:L11$S22$IEEE1$IW$USESV6$~STKCKD$USESV7$~SHL$OSPACE$ROPI$EBA8$MICROLIB$REQ8$EABIv2 0x00000000   Number         0  anon$$obj.o ABSOLUTE
    __ARM_use_no_argv                        0x00000000   Number         0  main.o ABSOLUTE
    __Vectors                                0x00000000   Data           4  startup_lpc82x.o(RESET)
    __cpp_initialize__aeabi_                  - Undefined Weak Reference
    __cxa_finalize                            - Undefined Weak Reference
    __decompress                              - Undefined Weak Reference
    _clock_init                               - Undefined Weak Reference
    _microlib_exit                            - Undefined Weak Reference
    __main                                   0x000000c1   Thumb Code     0  entry.o(.ARM.Collect$$$$00000000)
    _main_stk                                0x000000c1   Thumb Code     0  entry2.o(.ARM.Collect$$$$00000001)
    _main_scatterload                        0x000000c5   Thumb Code     0  entry5.o(.ARM.Collect$$$$00000004)
    __main_after_scatterload                 0x000000c9   Thumb Code     0  entry5.o(.ARM.Collect$$$$00000004)
    _main_clock                              0x000000c9   Thumb Code     0  entry7b.o(.ARM.Collect$$$$00000008)
    _main_cpp_init                           0x000000c9   Thumb Code     0  entry8b.o(.ARM.Collect$$$$0000000A)
    _main_init                               0x000000c9   Thumb Code     0  entry9a.o(.ARM.Collect$$$$0000000B)
    __rt_final_cpp                           0x000000d1   Thumb Code     0  entry10a.o(.ARM.Collect$$$$0000000D)
    __rt_final_exit                          0x000000d1   Thumb Code     0  entry11a.o(.ARM.Collect$$$$0000000F)
    __asm___6_main_c_f9afa1dd__BootJump      0x000000d5   Thumb Code    14  main.o(.emb_text)
    rt_set_PSP                               0x000000e5   Thumb Code     6  hal_cm1.o(.emb_text)
    rt_get_PSP                               0x000000eb   Thumb Code     6  hal_cm1.o(.emb_text)
    os_set_env                               0x000000f1   Thumb Code    32  hal_cm1.o(.emb_text)
    _alloc_box                               0x00000115   Thumb Code    28  hal_cm1.o(.emb_text)
    _free_box                                0x00000135   Thumb Code    28  hal_cm1.o(.emb_text)
    SVC_Handler                              0x00000155   Thumb Code   152  hal_cm1.o(.emb_text)
    PendSV_Handler                           0x000001f9   Thumb Code    92  hal_cm1.o(.emb_text)
    SysTick_Handler                          0x00000259   Thumb Code     8  hal_cm1.o(.emb_text)
    OS_Tick_Handler                          0x00000261   Thumb Code    12  hal_cm1.o(.emb_text)
    Reset_Handler                            0x0000026d   Thumb Code     8  startup_lpc82x.o(.text)
    NMI_Handler                              0x00000275   Thumb Code     2  startup_lpc82x.o(.text)
    HardFault_Handler                        0x00000277   Thumb Code     2  startup_lpc82x.o(.text)
    ADC_OVR_IRQHandler                       0x0000027f   Thumb Code     0  startup_lpc82x.o(.text)
    ADC_SEQA_IRQHandler                      0x0000027f   Thumb Code     0  startup_lpc82x.o(.text)
    ADC_SEQB_IRQHandler                      0x0000027f   Thumb Code     0  startup_lpc82x.o(.text)
    ADC_THCMP_IRQ                            0x0000027f   Thumb Code     0  startup_lpc82x.o(.text)
    BOD_IRQHandler                           0x0000027f   Thumb Code     0  startup_lpc82x.o(.text)
    CMP_IRQHandler                           0x0000027f   Thumb Code     0  startup_lpc82x.o(.text)
    DMA_IRQHandler                           0x0000027f   Thumb Code     0  startup_lpc82x.o(.text)
    FLASH_IRQHandler                         0x0000027f   Thumb Code     0  startup_lpc82x.o(.text)
    I2C0_IRQHandler                          0x0000027f   Thumb Code     0  startup_lpc82x.o(.text)
    I2C1_IRQHandler                          0x0000027f   Thumb Code     0  startup_lpc82x.o(.text)
    I2C2_IRQHandler                          0x0000027f   Thumb Code     0  startup_lpc82x.o(.text)
    I2C3_IRQHandler                          0x0000027f   Thumb Code     0  startup_lpc82x.o(.text)
    MRT_IRQHandler                           0x0000027f   Thumb Code     0  startup_lpc82x.o(.text)
    PIN_INT0_IRQHandler                      0x0000027f   Thumb Code     0  startup_lpc82x.o(.text)
    PIN_INT1_IRQHandler                      0x0000027f   Thumb Code     0  startup_lpc82x.o(.text)
    PIN_INT2_IRQHandler                      0x0000027f   Thumb Code     0  startup_lpc82x.o(.text)
    PIN_INT3_IRQHandler                      0x0000027f   Thumb Code     0  startup_lpc82x.o(.text)
    PIN_INT4_IRQHandler                      0x0000027f   Thumb Code     0  startup_lpc82x.o(.text)
    PIN_INT5_IRQHandler                      0x0000027f   Thumb Code     0  startup_lpc82x.o(.text)
    PIN_INT6_IRQHandler                      0x0000027f   Thumb Code     0  startup_lpc82x.o(.text)
    PIN_INT7_IRQHandler                      0x0000027f   Thumb Code     0  startup_lpc82x.o(.text)
    SCT_IRQHandler                           0x0000027f   Thumb Code     0  startup_lpc82x.o(.text)
    SPI0_IRQHandler                          0x0000027f   Thumb Code     0  startup_lpc82x.o(.text)
    SPI1_IRQHandler                          0x0000027f   Thumb Code     0  startup_lpc82x.o(.text)
    UART1_IRQHandler                         0x0000027f   Thumb Code     0  startup_lpc82x.o(.text)
    UART2_IRQHandler                         0x0000027f   Thumb Code     0  startup_lpc82x.o(.text)
    WDT_IRQHandler                           0x0000027f   Thumb Code     0  startup_lpc82x.o(.text)
    WKT_IRQHandler                           0x0000027f   Thumb Code     0  startup_lpc82x.o(.text)
    __aeabi_uidiv                            0x00000289   Thumb Code     0  uidiv.o(.text)
    __aeabi_uidivmod                         0x00000289   Thumb Code    44  uidiv.o(.text)
    __aeabi_memset                           0x000002b5   Thumb Code    14  memseta.o(.text)
    __aeabi_memset4                          0x000002b5   Thumb Code     0  memseta.o(.text)
    __aeabi_memset8                          0x000002b5   Thumb Code     0  memseta.o(.text)
    __aeabi_memclr                           0x000002c3   Thumb Code     4  memseta.o(.text)
    __aeabi_memclr4                          0x000002c3   Thumb Code     0  memseta.o(.text)
    __aeabi_memclr8                          0x000002c3   Thumb Code     0  memseta.o(.text)
    _memset$wrapper                          0x000002c7   Thumb Code    18  memseta.o(.text)
    __aeabi_ui2d                             0x000002d9   Thumb Code    24  dfltui.o(.text)
    SVC_Count                                0x000002f4   Data           4  svc_table.o(SVC_TABLE)
    __I$use$fp                               0x000002f5   Thumb Code     0  iusefp.o(.text)
    SVC_Table                                0x000002f8   Data           0  svc_table.o(SVC_TABLE)
    __scatterload_null                       0x000002f9   Thumb Code     2  handlers.o(i.__scatterload_null)
    os_error                                 0x000002fb   Thumb Code     2  rtx_conf_cm.o(i.os_error)
    __aeabi_uldivmod                         0x00000301   Thumb Code    96  uldiv.o(.text)
    __aeabi_dmul                             0x00000361   Thumb Code   202  dmul.o(.text)
    __aeabi_ddiv                             0x00000431   Thumb Code   234  ddiv.o(.text)
    __RL_RTX_VER                             0x00000475   Number         0  rt_system.o ABSOLUTE
    __aeabi_d2uiz                            0x00000521   Thumb Code    50  dfixui.o(.text)
    __aeabi_llsl                             0x0000055d   Thumb Code    32  llshl.o(.text)
    _ll_shift_l                              0x0000055d   Thumb Code     0  llshl.o(.text)
    __aeabi_llsr                             0x0000057d   Thumb Code    34  llushr.o(.text)
    _ll_ushift_r                             0x0000057d   Thumb Code     0  llushr.o(.text)
    _double_round                            0x0000059f   Thumb Code    26  depilogue.o(.text)
    _double_epilogue                         0x000005b9   Thumb Code   164  depilogue.o(.text)
    __scatterload                            0x0000065d   Thumb Code    28  init.o(.text)
    __scatterload_rt2                        0x0000065d   Thumb Code     0  init.o(.text)
    Chip_Clock_GetMainClockRate              0x0000069d   Thumb Code    48  clock_8xx.o(i.Chip_Clock_GetMainClockRate)
    Chip_Clock_GetSystemClockRate            0x000006d5   Thumb Code    18  clock_8xx.o(i.Chip_Clock_GetSystemClockRate)
    Chip_Clock_GetSystemPLLInClockRate       0x000006ed   Thumb Code    36  clock_8xx.o(i.Chip_Clock_GetSystemPLLInClockRate)
    Chip_Clock_GetSystemPLLOutClockRate      0x00000721   Thumb Code    20  clock_8xx.o(i.Chip_Clock_GetSystemPLLOutClockRate)
    Chip_Clock_GetUSARTNBaseClockRate        0x00000739   Thumb Code    58  clock_8xx.o(i.Chip_Clock_GetUSARTNBaseClockRate)
    Chip_Clock_GetWDTOSCRate                 0x00000779   Thumb Code    28  clock_8xx.o(i.Chip_Clock_GetWDTOSCRate)
    Chip_Clock_SetUSARTNBaseClockRate        0x0000079d   Thumb Code    96  clock_8xx.o(i.Chip_Clock_SetUSARTNBaseClockRate)
    Chip_IOCON_PinSetMode                    0x00000817   Thumb Code    18  iocon_8xx.o(i.Chip_IOCON_PinSetMode)
    Chip_SWM_MovablePinAssign                0x00000829   Thumb Code    30  swm_8xx.o(i.Chip_SWM_MovablePinAssign)
    Chip_SYSCTL_PowerUp                      0x00000875   Thumb Code    22  syscon_8xx.o(i.Chip_SYSCTL_PowerUp)
    Chip_UART_Init                           0x00000895   Thumb Code    52  uart_8xx.o(i.Chip_UART_Init)
    Chip_UART_SetBaud                        0x000008d9   Thumb Code    22  uart_8xx.o(i.Chip_UART_SetBaud)
    Chip_WWDT_Init                           0x000008f1   Thumb Code    36  wwdt_8xx.o(i.Chip_WWDT_Init)
    SystemCoreClockUpdate                    0x00000925   Thumb Code   218  system_lpc82x.o(i.SystemCoreClockUpdate)
    SystemInit                               0x00000a49   Thumb Code    56  system_lpc82x.o(i.SystemInit)
    UART0_IRQHandler                         0x00000a89   Thumb Code    26  uart0.o(i.UART0_IRQHandler)
    __ARM_clz                                0x00000aad   Thumb Code    46  depilogue.o(i.__ARM_clz)
    __ARM_common_switch8                     0x00000adb   Thumb Code    26  i2cm_8xx.o(i.__ARM_common_switch8)
    __scatterload_copy                       0x00000af5   Thumb Code    14  handlers.o(i.__scatterload_copy)
    __scatterload_zeroinit                   0x00000b03   Thumb Code    14  handlers.o(i.__scatterload_zeroinit)
    _init_box                                0x00000b11   Thumb Code    72  rt_membox.o(i._init_box)
    buttonMMI                                0x00000b59   Thumb Code    18  mmi.o(i.buttonMMI)
    initMMI                                  0x00000b8d   Thumb Code    60  mmi.o(i.initMMI)
    initUART0                                0x00000bdd   Thumb Code    88  uart0.o(i.initUART0)
    ledMMI                                   0x00000c45   Thumb Code   116  mmi.o(i.ledMMI)
    main                                     0x00000cb9   Thumb Code    34  main.o(i.main)
    os_idle_demon                            0x00000ced   Thumb Code     2  rtx_conf_cm.o(i.os_idle_demon)
    os_tick_init                             0x00000cf1   Thumb Code    32  rt_system.o(i.os_tick_init)
    os_tick_irqack                           0x00000d1d   Thumb Code     2  rt_system.o(i.os_tick_irqack)
    os_tmr_call                              0x00000d1f   Thumb Code     2  rtx_conf_cm.o(i.os_tmr_call)
    rt_alloc_box                             0x00000d21   Thumb Code    30  rt_membox.o(i.rt_alloc_box)
    rt_block                                 0x00000d41   Thumb Code    42  rt_task.o(i.rt_block)
    rt_chk_robin                             0x00000d79   Thumb Code    56  rt_robin.o(i.rt_chk_robin)
    rt_dec_dly                               0x00000dbd   Thumb Code   112  rt_list.o(i.rt_dec_dly)
    rt_dispatch                              0x00000e35   Thumb Code    56  rt_task.o(i.rt_dispatch)
    rt_dly_wait                              0x00000e75   Thumb Code    10  rt_time.o(i.rt_dly_wait)
    rt_evt_psh                               0x00000e81   Thumb Code    70  rt_event.o(i.rt_evt_psh)
    rt_free_box                              0x00000ecd   Thumb Code    38  rt_membox.o(i.rt_free_box)
    rt_get_first                             0x00000ef3   Thumb Code    42  rt_list.o(i.rt_get_first)
    rt_init_robin                            0x00000f65   Thumb Code    14  rt_robin.o(i.rt_init_robin)
    rt_init_stack                            0x00000f7d   Thumb Code    68  hal_cm1.o(i.rt_init_stack)
    rt_mbx_psh                               0x00000fc9   Thumb Code   176  rt_mailbox.o(i.rt_mbx_psh)
    rt_pop_req                               0x0000107d   Thumb Code   100  rt_system.o(i.rt_pop_req)
    rt_put_dly                               0x000010ed   Thumb Code    74  rt_list.o(i.rt_put_dly)
    rt_put_prio                              0x0000113d   Thumb Code    60  rt_list.o(i.rt_put_prio)
    rt_put_rdy_first                         0x00001179   Thumb Code    14  rt_list.o(i.rt_put_rdy_first)
    rt_rmv_dly                               0x0000118d   Thumb Code    42  rt_list.o(i.rt_rmv_dly)
    rt_sem_psh                               0x000011b9   Thumb Code    46  rt_semaphore.o(i.rt_sem_psh)
    rt_stk_check                             0x000011ed   Thumb Code    30  rt_system.o(i.rt_stk_check)
    rt_switch_req                            0x00001215   Thumb Code    10  rt_task.o(i.rt_switch_req)
    rt_sys_init                              0x00001225   Thumb Code   230  rt_task.o(i.rt_sys_init)
    rt_systick                               0x0000135d   Thumb Code    48  rt_system.o(i.rt_systick)
    rt_tmr_tick                              0x00001399   Thumb Code    56  rt_timer.o(i.rt_tmr_tick)
    rt_tsk_create                            0x000013d9   Thumb Code   108  rt_task.o(i.rt_tsk_create)
    rt_tsk_lock                              0x00001455   Thumb Code    68  rt_system.o(i.rt_tsk_lock)
    rxCBUART0                                0x000014a9   Thumb Code    12  main.o(i.rxCBUART0)
    thMain                                   0x000014b5   Thumb Code   366  main.o(i.thMain)
    os_maxtaskrun                            0x00001654   Data           2  rtx_conf_cm.o(.constdata)
    os_stackinfo                             0x00001658   Data           4  rtx_conf_cm.o(.constdata)
    os_rrobin                                0x0000165c   Data           4  rtx_conf_cm.o(.constdata)
    os_trv                                   0x00001660   Data           4  rtx_conf_cm.o(.constdata)
    os_flags                                 0x00001664   Data           1  rtx_conf_cm.o(.constdata)
    os_clockrate                             0x00001668   Data           4  rtx_conf_cm.o(.constdata)
    os_timernum                              0x0000166c   Data           4  rtx_conf_cm.o(.constdata)
    mp_tcb_size                              0x00001670   Data           2  rtx_conf_cm.o(.constdata)
    mp_stk_size                              0x00001674   Data           4  rtx_conf_cm.o(.constdata)
    os_fifo_size                             0x00001678   Data           1  rtx_conf_cm.o(.constdata)
    mp_tmr_size                              0x0000167a   Data           2  rtx_conf_cm.o(.constdata)
    OscRateIn                                0x0000167c   Data           4  main.o(.constdata)
    ExtRateIn                                0x00001680   Data           4  main.o(.constdata)
    RL_RTX_Version                           0x000016c4   Data           4  rt_system.o(.constdata)
    Region$$Table$$Base                      0x000016c8   Number         0  anon$$obj.o(Region$$Table)
    Region$$Table$$Limit                     0x000016e8   Number         0  anon$$obj.o(Region$$Table)
    m_tmr                                    0x10000000   Data           4  rtx_conf_cm.o(.data)
    Config                                   0x10000004   Data           8  mmi.o(.data)
    SystemCoreClock                          0x1000000c   Data           4  system_lpc82x.o(.data)
    os_tsk                                   0x10000010   Data           8  rt_task.o(.data)
    os_tick_irqn                             0x1000001c   Data           4  rt_system.o(.data)
    os_time                                  0x10000020   Data           4  rt_time.o(.data)
    os_tmr                                   0x10000024   Data           8  rt_timer.o(.data)
    os_robin                                 0x1000002c   Data           8  rt_robin.o(.data)
    mp_tcb                                   0x10000034   Data         404  rtx_conf_cm.o(.bss)
    mp_stk                                   0x100001c8   Data         216  rtx_conf_cm.o(.bss)
    os_fifo                                  0x100002a0   Data         132  rtx_conf_cm.o(.bss)
    os_active_TCB                            0x10000324   Data          28  rtx_conf_cm.o(.bss)
    stkthMain                                0x10000340   Data        1280  main.o(.bss)
    os_idle_TCB                              0x10000840   Data          56  rt_task.o(.bss)
    os_rdy                                   0x10000878   Data          24  rt_list.o(.bss)
    os_dly                                   0x10000890   Data          24  rt_list.o(.bss)
    __initial_sp                             0x10000aa8   Data           0  startup_lpc82x.o(STACK)



==============================================================================

Memory Map of the image

  Image Entry point : 0x000000c1

  Load Region LR_IROM1 (Base: 0x00000000, Size: 0x0000171c, Max: 0x00002000, ABSOLUTE)

    Execution Region ER_IROM1 (Base: 0x00000000, Size: 0x000016e8, Max: 0x00002000, ABSOLUTE)

    Base Addr    Size         Type   Attr      Idx    E Section Name        Object

    0x00000000   0x000000c0   Data   RO         1869    RESET               startup_lpc82x.o
    0x000000c0   0x00000000   Code   RO         2442  * .ARM.Collect$$$$00000000  mc_p.l(entry.o)
    0x000000c0   0x00000004   Code   RO         2465    .ARM.Collect$$$$00000001  mc_p.l(entry2.o)
    0x000000c4   0x00000004   Code   RO         2468    .ARM.Collect$$$$00000004  mc_p.l(entry5.o)
    0x000000c8   0x00000000   Code   RO         2470    .ARM.Collect$$$$00000008  mc_p.l(entry7b.o)
    0x000000c8   0x00000000   Code   RO         2472    .ARM.Collect$$$$0000000A  mc_p.l(entry8b.o)
    0x000000c8   0x00000008   Code   RO         2473    .ARM.Collect$$$$0000000B  mc_p.l(entry9a.o)
    0x000000d0   0x00000000   Code   RO         2475    .ARM.Collect$$$$0000000D  mc_p.l(entry10a.o)
    0x000000d0   0x00000000   Code   RO         2477    .ARM.Collect$$$$0000000F  mc_p.l(entry11a.o)
    0x000000d0   0x00000004   Code   RO         2466    .ARM.Collect$$$$00002712  mc_p.l(entry2.o)
    0x000000d4   0x0000000e   Code   RO           52    .emb_text           main.o
    0x000000e2   0x00000002   PAD
    0x000000e4   0x00000188   Code   RO         2136    .emb_text           RTX_CM1.LIB(hal_cm1.o)
    0x0000026c   0x0000001c   Code   RO         1871    .text               startup_lpc82x.o
    0x00000288   0x0000002c   Code   RO         2445    .text               mc_p.l(uidiv.o)
    0x000002b4   0x00000024   Code   RO         2453    .text               mc_p.l(memseta.o)
    0x000002d8   0x0000001c   Code   RO         2461    .text               mf_p.l(dfltui.o)
    0x000002f4   0x00000000   Code   RO         2483    .text               mc_p.l(iusefp.o)
    0x000002f4   0x00000004   Code   RO         2439    SVC_TABLE           RTX_CM1.LIB(svc_table.o)
    0x000002f8   0x00000002   Code   RO         2493    i.__scatterload_null  mc_p.l(handlers.o)
    0x000002fa   0x00000002   Code   RO            1    i.os_error          rtx_conf_cm.o
    0x000002fc   0x00000004   Code   RO         1870    .ARM.__at_0x02FC    startup_lpc82x.o
    0x00000300   0x00000060   Code   RO         2449    .text               mc_p.l(uldiv.o)
    0x00000360   0x000000d0   Code   RO         2457    .text               mf_p.l(dmul.o)
    0x00000430   0x000000f0   Code   RO         2459    .text               mf_p.l(ddiv.o)
    0x00000520   0x0000003c   Code   RO         2463    .text               mf_p.l(dfixui.o)
    0x0000055c   0x00000020   Code   RO         2479    .text               mc_p.l(llshl.o)
    0x0000057c   0x00000022   Code   RO         2481    .text               mc_p.l(llushr.o)
    0x0000059e   0x000000be   Code   RO         2484    .text               mf_p.l(depilogue.o)
    0x0000065c   0x00000024   Code   RO         2488    .text               mc_p.l(init.o)
    0x00000680   0x0000001c   Code   RO           53    i.Chip_Clock_EnablePeriphClock  main.o
    0x0000069c   0x00000038   Code   RO          588    i.Chip_Clock_GetMainClockRate  clock_8xx.o
    0x000006d4   0x00000018   Code   RO          589    i.Chip_Clock_GetSystemClockRate  clock_8xx.o
    0x000006ec   0x00000034   Code   RO          590    i.Chip_Clock_GetSystemPLLInClockRate  clock_8xx.o
    0x00000720   0x00000018   Code   RO          591    i.Chip_Clock_GetSystemPLLOutClockRate  clock_8xx.o
    0x00000738   0x00000040   Code   RO          592    i.Chip_Clock_GetUSARTNBaseClockRate  clock_8xx.o
    0x00000778   0x00000024   Code   RO          593    i.Chip_Clock_GetWDTOSCRate  clock_8xx.o
    0x0000079c   0x0000006c   Code   RO          599    i.Chip_Clock_SetUSARTNBaseClockRate  clock_8xx.o
    0x00000808   0x0000000e   Code   RO          257    i.Chip_GPIO_ReadPortBit  mmi.o
    0x00000816   0x00000012   Code   RO          918    i.Chip_IOCON_PinSetMode  iocon_8xx.o
    0x00000828   0x00000024   Code   RO         1429    i.Chip_SWM_MovablePinAssign  swm_8xx.o
    0x0000084c   0x00000028   Code   RO         1495    i.Chip_SYSCTL_PeriphReset  uart_8xx.o
    0x00000874   0x00000020   Code   RO         1458    i.Chip_SYSCTL_PowerUp  syscon_8xx.o
    0x00000894   0x00000044   Code   RO         1498    i.Chip_UART_Init    uart_8xx.o
    0x000008d8   0x00000016   Code   RO         1506    i.Chip_UART_SetBaud  uart_8xx.o
    0x000008ee   0x00000002   PAD
    0x000008f0   0x00000034   Code   RO         1631    i.Chip_WWDT_Init    wwdt_8xx.o
    0x00000924   0x00000124   Code   RO         1879    i.SystemCoreClockUpdate  system_lpc82x.o
    0x00000a48   0x00000040   Code   RO         1880    i.SystemInit        system_lpc82x.o
    0x00000a88   0x00000024   Code   RO          325    i.UART0_IRQHandler  uart0.o
    0x00000aac   0x0000002e   Code   RO         2486    i.__ARM_clz         mf_p.l(depilogue.o)
    0x00000ada   0x0000001a   Code   RO          869    i.__ARM_common_switch8  i2cm_8xx.o
    0x00000af4   0x0000000e   Code   RO         2492    i.__scatterload_copy  mc_p.l(handlers.o)
    0x00000b02   0x0000000e   Code   RO         2494    i.__scatterload_zeroinit  mc_p.l(handlers.o)
    0x00000b10   0x00000048   Code   RO         2410    i._init_box         RTX_CM1.LIB(rt_membox.o)
    0x00000b58   0x00000012   Code   RO          258    i.buttonMMI         mmi.o
    0x00000b6a   0x00000002   PAD
    0x00000b6c   0x00000020   Code   RO         1508    i.getUARTClockID    uart_8xx.o
    0x00000b8c   0x00000050   Code   RO          260    i.initMMI           mmi.o
    0x00000bdc   0x00000068   Code   RO          326    i.initUART0         uart0.o
    0x00000c44   0x00000074   Code   RO          261    i.ledMMI            mmi.o
    0x00000cb8   0x00000034   Code   RO           54    i.main              main.o
    0x00000cec   0x00000002   Code   RO            2    i.os_idle_demon     rtx_conf_cm.o
    0x00000cee   0x00000002   PAD
    0x00000cf0   0x0000002c   Code   RO         2015    i.os_tick_init      RTX_CM1.LIB(rt_system.o)
    0x00000d1c   0x00000002   Code   RO         2016    i.os_tick_irqack    RTX_CM1.LIB(rt_system.o)
    0x00000d1e   0x00000002   Code   RO            3    i.os_tmr_call       rtx_conf_cm.o
    0x00000d20   0x0000001e   Code   RO         2411    i.rt_alloc_box      RTX_CM1.LIB(rt_membox.o)
    0x00000d3e   0x00000002   PAD
    0x00000d40   0x00000038   Code   RO         1915    i.rt_block          RTX_CM1.LIB(rt_task.o)
    0x00000d78   0x00000044   Code   RO         2388    i.rt_chk_robin      RTX_CM1.LIB(rt_robin.o)
    0x00000dbc   0x00000078   Code   RO         2198    i.rt_dec_dly        RTX_CM1.LIB(rt_list.o)
    0x00000e34   0x00000040   Code   RO         1916    i.rt_dispatch       RTX_CM1.LIB(rt_task.o)
    0x00000e74   0x0000000a   Code   RO         2103    i.rt_dly_wait       RTX_CM1.LIB(rt_time.o)
    0x00000e7e   0x00000002   PAD
    0x00000e80   0x0000004c   Code   RO         2159    i.rt_evt_psh        RTX_CM1.LIB(rt_event.o)
    0x00000ecc   0x00000026   Code   RO         2412    i.rt_free_box       RTX_CM1.LIB(rt_membox.o)
    0x00000ef2   0x0000002a   Code   RO         2199    i.rt_get_first      RTX_CM1.LIB(rt_list.o)
    0x00000f1c   0x00000048   Code   RO         1917    i.rt_init_context   RTX_CM1.LIB(rt_task.o)
    0x00000f64   0x00000018   Code   RO         2389    i.rt_init_robin     RTX_CM1.LIB(rt_robin.o)
    0x00000f7c   0x0000004c   Code   RO         2137    i.rt_init_stack     RTX_CM1.LIB(hal_cm1.o)
    0x00000fc8   0x000000b4   Code   RO         2281    i.rt_mbx_psh        RTX_CM1.LIB(rt_mailbox.o)
    0x0000107c   0x00000070   Code   RO         2017    i.rt_pop_req        RTX_CM1.LIB(rt_system.o)
    0x000010ec   0x00000050   Code   RO         2202    i.rt_put_dly        RTX_CM1.LIB(rt_list.o)
    0x0000113c   0x0000003c   Code   RO         2203    i.rt_put_prio       RTX_CM1.LIB(rt_list.o)
    0x00001178   0x00000014   Code   RO         2204    i.rt_put_rdy_first  RTX_CM1.LIB(rt_list.o)
    0x0000118c   0x0000002a   Code   RO         2206    i.rt_rmv_dly        RTX_CM1.LIB(rt_list.o)
    0x000011b6   0x00000002   PAD
    0x000011b8   0x00000034   Code   RO         2327    i.rt_sem_psh        RTX_CM1.LIB(rt_semaphore.o)
    0x000011ec   0x00000028   Code   RO         2020    i.rt_stk_check      RTX_CM1.LIB(rt_system.o)
    0x00001214   0x00000010   Code   RO         1918    i.rt_switch_req     RTX_CM1.LIB(rt_task.o)
    0x00001224   0x00000138   Code   RO         1919    i.rt_sys_init       RTX_CM1.LIB(rt_task.o)
    0x0000135c   0x0000003c   Code   RO         2022    i.rt_systick        RTX_CM1.LIB(rt_system.o)
    0x00001398   0x00000040   Code   RO         2363    i.rt_tmr_tick       RTX_CM1.LIB(rt_timer.o)
    0x000013d8   0x0000007c   Code   RO         1920    i.rt_tsk_create     RTX_CM1.LIB(rt_task.o)
    0x00001454   0x00000054   Code   RO         2023    i.rt_tsk_lock       RTX_CM1.LIB(rt_system.o)
    0x000014a8   0x0000000c   Code   RO           55    i.rxCBUART0         main.o
    0x000014b4   0x000001a0   Code   RO           56    i.thMain            main.o
    0x00001654   0x00000002   Data   RO            8    .constdata          rtx_conf_cm.o
    0x00001656   0x00000002   PAD
    0x00001658   0x00000004   Data   RO            9    .constdata          rtx_conf_cm.o
    0x0000165c   0x00000004   Data   RO           10    .constdata          rtx_conf_cm.o
    0x00001660   0x00000004   Data   RO           11    .constdata          rtx_conf_cm.o
    0x00001664   0x00000001   Data   RO           12    .constdata          rtx_conf_cm.o
    0x00001665   0x00000003   PAD
    0x00001668   0x00000008   Data   RO           13    .constdata          rtx_conf_cm.o
    0x00001670   0x00000002   Data   RO           14    .constdata          rtx_conf_cm.o
    0x00001672   0x00000002   PAD
    0x00001674   0x00000004   Data   RO           15    .constdata          rtx_conf_cm.o
    0x00001678   0x00000001   Data   RO           16    .constdata          rtx_conf_cm.o
    0x00001679   0x00000001   PAD
    0x0000167a   0x00000002   Data   RO           17    .constdata          rtx_conf_cm.o
    0x0000167c   0x00000004   Data   RO           58    .constdata          main.o
    0x00001680   0x00000004   Data   RO           59    .constdata          main.o
    0x00001684   0x00000040   Data   RO          600    .constdata          clock_8xx.o
    0x000016c4   0x00000004   Data   RO         2025    .constdata          RTX_CM1.LIB(rt_system.o)
    0x000016c8   0x00000020   Data   RO         2490    Region$$Table       anon$$obj.o


    Execution Region RW_IRAM1 (Base: 0x10000000, Size: 0x00000aa8, Max: 0x00002000, ABSOLUTE)

    Base Addr    Size         Type   Attr      Idx    E Section Name        Object

    0x10000000   0x00000004   Data   RW           18    .data               rtx_conf_cm.o
    0x10000004   0x00000008   Data   RW          262    .data               mmi.o
    0x1000000c   0x00000004   Data   RW         1881    .data               system_lpc82x.o
    0x10000010   0x00000008   Data   RW         1926    .data               RTX_CM1.LIB(rt_task.o)
    0x10000018   0x00000008   Data   RW         2026    .data               RTX_CM1.LIB(rt_system.o)
    0x10000020   0x00000004   Data   RW         2107    .data               RTX_CM1.LIB(rt_time.o)
    0x10000024   0x00000008   Data   RW         2364    .data               RTX_CM1.LIB(rt_timer.o)
    0x1000002c   0x00000008   Data   RW         2390    .data               RTX_CM1.LIB(rt_robin.o)
    0x10000034   0x00000194   Zero   RW            4    .bss                rtx_conf_cm.o
    0x100001c8   0x000000d8   Zero   RW            5    .bss                rtx_conf_cm.o
    0x100002a0   0x00000084   Zero   RW            6    .bss                rtx_conf_cm.o
    0x10000324   0x0000001c   Zero   RW            7    .bss                rtx_conf_cm.o
    0x10000340   0x00000500   Zero   RW           57    .bss                main.o
    0x10000840   0x00000038   Zero   RW         1925    .bss                RTX_CM1.LIB(rt_task.o)
    0x10000878   0x00000030   Zero   RW         2208    .bss                RTX_CM1.LIB(rt_list.o)
    0x100008a8   0x00000200   Zero   RW         1867    STACK               startup_lpc82x.o


==============================================================================

Image component sizes


      Code (inc. data)   RO Data    RW Data    ZI Data      Debug   Object Name

         0          0          0          0          0       3976   acmp_8xx.o
       364         60         64          0          0      13948   clock_8xx.o
        26          0          0          0          0         72   i2cm_8xx.o
        18          0          0          0          0       2612   iocon_8xx.o
       522         78          8          0       1280      15699   main.o
       228         20          0          8          0       5332   mmi.o
         6          0         32          4        780      11076   rtx_conf_cm.o
        32         12        192          0        512        816   startup_lpc82x.o
        36          6          0          0          0       2652   swm_8xx.o
        32         10          0          0          0        510   syscon_8xx.o
       356        100          0          4          0       1407   system_lpc82x.o
       140         26          0          0          0      10407   uart0.o
       162         34          0          0          0       6995   uart_8xx.o
        52         16          0          0          0        533   wwdt_8xx.o

    ----------------------------------------------------------------------
      1982        362        336         16       2572      76035   Object Totals
         0          0         32          0          0          0   (incl. Generated)
         8          0          8          0          0          0   (incl. Padding)

    ----------------------------------------------------------------------

      Code (inc. data)   RO Data    RW Data    ZI Data      Debug   Library Member Name

       468         50          0          0          0       1440   hal_cm1.o
        76          6          0          0          0        581   rt_event.o
       364         20          0          0         48       3435   rt_list.o
       180          4          0          0          0        705   rt_mailbox.o
       140          0          0          0          0       1841   rt_membox.o
        92         22          0          8          0       1014   rt_robin.o
        52          6          0          0          0        517   rt_semaphore.o
       342         62          4          8          0       3663   rt_system.o
       644        130          0          8         56       6114   rt_task.o
        10          0          0          4          0        596   rt_time.o
        64          8          0          8          0        647   rt_timer.o
         4          4          0          0          0        168   svc_table.o
         0          0          0          0          0          0   entry.o
         0          0          0          0          0          0   entry10a.o
         0          0          0          0          0          0   entry11a.o
         8          4          0          0          0          0   entry2.o
         4          0          0          0          0          0   entry5.o
         0          0          0          0          0          0   entry7b.o
         0          0          0          0          0          0   entry8b.o
         8          4          0          0          0          0   entry9a.o
        30          0          0          0          0          0   handlers.o
        36          8          0          0          0         68   init.o
         0          0          0          0          0          0   iusefp.o
        32          0          0          0          0         68   llshl.o
        34          0          0          0          0         68   llushr.o
        36          0          0          0          0        100   memseta.o
        44          0          0          0          0         72   uidiv.o
        96          0          0          0          0         84   uldiv.o
       240          6          0          0          0         84   ddiv.o
       236          0          0          0          0        216   depilogue.o
        60         10          0          0          0         68   dfixui.o
        28          4          0          0          0         68   dfltui.o
       208          6          0          0          0         88   dmul.o

    ----------------------------------------------------------------------
      3542        354          4         36        104      21705   Library Totals
         6          0          0          0          0          0   (incl. Padding)

    ----------------------------------------------------------------------

      Code (inc. data)   RO Data    RW Data    ZI Data      Debug   Library Name

      2436        312          4         36        104      20721   RTX_CM1.LIB
       328         16          0          0          0        460   mc_p.l
       772         26          0          0          0        524   mf_p.l

    ----------------------------------------------------------------------
      3542        354          4         36        104      21705   Library Totals

    ----------------------------------------------------------------------

==============================================================================


      Code (inc. data)   RO Data    RW Data    ZI Data      Debug   

      5524        716        340         52       2676      94928   Grand Totals
      5524        716        340         52       2676      94928   ELF Image Totals
      5524        716        340         52          0          0   ROM Totals

==============================================================================

    Total RO  Size (Code + RO Data)                 5864 (   5.73kB)
    Total RW  Size (RW Data + ZI Data)              2728 (   2.66kB)
    Total ROM Size (Code + RO Data + RW Data)       5916 (   5.78kB)

==============================================================================

